data/saved_data/run_2025_05_02_1452_gdp_zero_?/firm_data.csv
Step,AgentID,FirmType,Profit,Inventory,ProductPrice,RevenuePerEmployee,ProductionLevel,NumEmployees,DemandReceived,InventoryDemandRatio,SellThroughRate,ProductionCapacity,Revenue,Costs,Markup,ProducedUnits,IncomeBracket,NumPeople,SpendRatio,PostTaxIncome,HouseholdExpense,HouseholdSavings,HealthLevel,Welfare,SkillLevel,SkillType,JobLevel,IsEmployed,Wage
5,34,necessity,358793.04328301107,3321.1000000000004,1854.2159520990297,23446.997119066455,0.1,44.0,371.0,,,3591.0,1008220.8761198575,649427.8328368465,0.025,359.0,,,,,,,,,,,,0,
6,34,necessity,-205014.66965220496,3309.1000000000004,2512.1394797983703,15634.41177792591,0.1,43.0,192.0,,,3591.0,687914.1182287401,892928.787880945,0.01,359.0,,,,,,,,,,,,0,
7,34,necessity,-167097.05271555937,3476.1000000000004,1827.0810845073368,11216.99488654156,0.1,42.0,298.0,,,3591.0,482330.7801212871,649427.8328368465,0.01,359.0,,,,,,,,,,,,0,
8,34,necessity,201925.24074766674,3537.1000000000004,963.7057679559025,12963.575313885389,0.1,43.0,357.0,,,3591.0,544470.1631831863,342544.9224355196,0.01,359.0,,,,,,,,,,,,0,
9,34,necessity,-234500.03060996166,3539.1000000000004,1627.655760557842,8000.999050238539,0.1,42.0,228.0,,,3591.0,344042.9591602572,578542.9897702188,0.01,359.0,,,,,,,,,,,,0,
10,34,necessity,28560.590971668425,3670.1000000000004,963.7057679559025,8835.845557314,0.1,43.0,118.0,,,3591.0,371105.513407188,342544.9224355196,0.01,359.0,,,,,,,,,,,,0,
11,34,necessity,-515831.5972669079,3911.1000000000004,1771.1542197587944,2644.58792136736,0.1,42.0,307.0,,,3591.0,113717.28061879649,629548.8778857044,0.01,359.0,,,,,,,,,,,,0,
12,34,necessity,201199.42303043028,3963.1000000000004,963.7057679559025,12946.293939665473,0.1,43.0,476.0,,,3591.0,543744.3454659499,342544.9224355196,0.01,359.0,,,,,,,,,,,,0,
13,34,necessity,-121946.97662443947,3846.1000000000004,1633.642422728471,10667.998733651386,0.1,42.0,352.0,,,3591.0,458723.9455470096,580670.922171449,0.01,359.0,,,,,,,,,,,,0,
14,34,necessity,232497.21036490222,3853.1000000000004,978.0182298562377,13691.479352390996,0.1,43.0,558.0,,,3591.0,575042.1328004218,342544.9224355196,0.025,359.0,,,,,,,,,,,,0,
15,34,necessity,-45931.46943459276,3654.1000000000004,1664.5746419129316,12691.492378134431,0.1,42.0,361.0,,,3591.0,545734.1722597806,591665.6416943733,0.010000000000000004,359.0,,,,,,,,,,,,0,
16,34,necessity,258366.52329504868,3652.1000000000004,978.0182298562377,14307.415374537339,0.1,43.0,617.0,,,3591.0,600911.4457305683,342544.9224355196,0.02500000000000001,359.0,,,,,,,,,,,,0,
17,34,necessity,-48005.27808150544,3394.1000000000004,1832.7491624765544,14033.424367937178,0.1,42.0,173.0,,,3591.0,603437.2478212987,651442.5259028041,0.01000000000000001,359.0,,,,,,,,,,,,0,
18,34,necessity,-25479.317327075696,3580.1000000000004,963.7057679559025,7549.181074010568,0.1,41.0,118.0,,,3591.0,317065.6051084439,342544.9224355196,0.01,359.0,,,,,,,,,,,,0,
19,34,necessity,-65860.00409126321,3821.1000000000004,505.217429114047,2773.5922102145487,0.1,40.0,1026.0,,,3591.0,113717.28061879649,179577.2847100597,0.01,359.0,,,,,,,,,,,,0,
20,34,necessity,-2057841.3363728283,3154.1000000000004,7247.789291316128,12958.827056775304,0.1,41.0,25.0,,,3591.0,518353.0822710122,2576194.4186438406,0.01,359.0,,,,,,,,,,,,0,
21,34,necessity,-12962.129701038619,3488.1000000000004,546.2351812187912,4419.383714217151,0.1,40.0,316.0,,,3591.0,181194.7322829032,194156.8619839418,0.01,359.0,,,,,,,,,,,,0,
22,34,necessity,-2403584.1013787026,3531.1000000000004,7247.789291316128,4315.257931628451,0.1,39.0,96.0,,,3591.0,172610.31726513803,2576194.4186438406,0.01,359.0,,,,,,,,,,,,0,
23,34,necessity,-1816015.6466774922,3794.1000000000004,7066.63355365918,17840.71210170124,0.1,40.0,60.0,,,3591.0,695787.7719663483,2511803.4186438406,0.01,359.0,,,,,,,,,,,,0,
24,34,necessity,253636.4307073719,4093.1000000000004,479.290244729834,10599.95033048877,0.1,39.0,1322.0,,,3591.0,423998.0132195508,170361.58251217887,0.01,359.0,,,,,,,,,,,,0,
25,34,necessity,-1878181.715111,3130.1000000000004,7066.63355365918,16246.710346995913,0.1,40.0,36.0,,,3591.0,633621.7035328406,2511803.4186438406,0.01,359.0,,,,,,,,,,,,0,
26,34,necessity,80109.18549530683,3453.1000000000004,490.3412762407984,6359.970198293262,0.1,39.0,1409.0,,,3591.0,254398.80793173047,174289.62243642364,0.01,359.0,,,,,,,,,,,,0,
27,34,necessity,-1820912.5604205555,2403.1000000000004,7066.63355365918,17715.15021085346,0.1,40.0,80.0,,,3591.0,690890.858223285,2511803.4186438406,0.01,359.0,,,,,,,,,,,,0,
28,34,necessity,380369.8657867884,2682.1000000000004,520.3633040964962,14133.26710731836,0.1,39.0,386.0,,,3591.0,565330.6842927344,184960.81850594596,0.01,359.0,,,,,,,,,,,,0,
29,34,necessity,-2310943.183262593,2655.1000000000004,7066.63355365918,5150.262445673014,0.1,38.0,112.0,,,3591.0,200860.23538124753,2511803.4186438406,0.01,359.0,,,,,,,,,,,,0,
30,34,necessity,-1655949.4606340125,2902.1000000000004,6885.477816002232,20827.972579206,0.1,39.0,92.0,,,3591.0,791462.9580098281,2447412.4186438406,0.01,359.0,,,,,,,,,,,,0,
5,35,necessity,-669079.0909239351,4539.299999999999,1403.965700611342,957.7855207156747,0.1,29.0,632.0,,,5023.0,28733.56562147024,697812.6565454053,0.01,502.0,,,,,,,,,,,,0,
6,35,necessity,483793.56962396065,4409.299999999999,811.8483662991698,30596.769751254076,0.1,30.0,353.0,,,5023.0,887306.3227863682,403512.75316240755,0.01,502.0,,,,,,,,,,,,0,
7,35,necessity,-393757.63188521576,4558.299999999999,1368.8117626930261,9552.749110120232,0.1,29.0,504.0,,,5023.0,286582.47330360697,680340.1051888227,0.01,502.0,,,,,,,,,,,,0,
8,35,necessity,286368.3752348776,4556.299999999999,811.8483662991698,23789.00442749259,0.1,30.0,708.0,,,5023.0,689881.1283972851,403512.75316240755,0.01,502.0,,,,,,,,,,,,0,
9,35,necessity,-91670.45035296108,4350.299999999999,1340.8838312526238,19159.621444660406,0.1,29.0,214.0,,,5023.0,574788.6433398122,666459.0936927733,0.01,502.0,,,,,,,,,,,,0,
10,35,necessity,-116563.61327434605,4638.299999999999,811.8483662991698,9894.797927174535,0.1,28.0,709.0,,,5023.0,286949.1398880615,403512.75316240755,0.01,502.0,,,,,,,,,,,,0,
11,35,necessity,349277.01932124264,4431.299999999999,455.35200528558846,20557.160418075404,0.1,29.0,1013.0,,,5023.0,575600.4917061114,226323.4723848687,0.01,502.0,,,,,,,,,,,,0,
12,35,necessity,-4556.080124261149,3920.2999999999993,941.8627001172869,15905.916598424177,0.1,28.0,794.0,,,5023.0,461271.58135430113,465827.6614785623,0.015000000000000003,502.0,,,,,,,,,,,,0,
13,35,necessity,521515.51150825707,3628.2999999999993,464.3688766773823,26708.535139040207,0.1,29.0,1674.0,,,5023.0,747838.9838931258,226323.4723848687,0.030000000000000006,502.0,,,,,,,,,,,,0,
14,35,necessity,296734.1068620519,2456.2999999999993,1000.492558499419,26805.29308820476,0.1,30.0,545.0,,,5023.0,777353.499557938,480619.3926958861,0.04500000000000001,502.0,,,,,,,,,,,,0,
15,35,necessity,-118922.7984775512,2413.2999999999993,1402.4755299379347,18175.614812739444,0.1,29.0,204.0,,,5023.0,545268.4443821834,664191.2428597346,0.06000000000000001,502.0,,,,,,,,,,,,0,
16,35,necessity,-123790.31444137852,2711.2999999999993,836.9376589153336,9865.689934735816,0.1,28.0,413.0,,,5023.0,286105.0081073387,409895.3225487172,0.025000000000000015,502.0,,,,,,,,,,,,0,
17,35,necessity,119331.78074716404,2800.2999999999993,455.35200528558846,12344.83046900117,0.1,29.0,1773.0,,,5023.0,345655.25313203275,226323.4723848687,0.01,502.0,,,,,,,,,,,,0,
18,35,necessity,332781.3909400029,1529.2999999999993,978.4207837809197,27839.279495563736,0.1,30.0,558.0,,,5023.0,807339.1053713483,474557.7144313454,0.034999999999999996,502.0,,,,,,,,,,,,0,
19,35,necessity,-94203.63461453211,1473.2999999999993,1326.232924136701,18198.626578325107,0.1,29.0,303.0,,,5023.0,545958.7973497532,640162.4319642853,0.04,502.0,,,,,,,,,,,,0,
20,35,necessity,9920.386095611786,1672.2999999999993,788.5407789411273,13856.847448738636,0.1,28.0,437.0,,,5023.0,401848.5760134204,391928.18991780863,0.01,502.0,,,,,,,,,,,,0,
21,35,necessity,118268.84801240393,1737.2999999999993,455.35200528558846,12306.86858561688,0.1,27.0,507.0,,,5023.0,344592.32039727265,226323.4723848687,0.01,502.0,,,,,,,,,,,,0,
22,35,necessity,-1498263.5605795314,1732.2999999999993,3478.9209044880417,8550.498765918272,0.1,26.0,189.0,,,5023.0,230863.46667979335,1729127.0272593247,0.01,502.0,,,,,,,,,,,,0,
23,35,necessity,-1007632.9763110848,2045.2999999999993,3350.2002274536208,25289.07888262461,0.1,27.0,195.0,,,5023.0,657516.0509482399,1665149.0272593247,0.01,502.0,,,,,,,,,,,,0,
24,35,necessity,485413.72549974103,2352.2999999999993,337.75711494919324,24195.890531609482,0.1,26.0,1364.0,,,5023.0,653289.044353456,167875.31885371494,0.01,502.0,,,,,,,,,,,,0,
25,35,necessity,-1204448.3224686251,1490.2999999999993,3383.37052673534,17719.257876565367,0.1,25.0,260.0,,,5023.0,460700.7047906996,1665149.0272593247,0.020000000000000004,502.0,,,,,,,,,,,,0,
26,35,necessity,-721494.6903081363,1732.2999999999993,3237.4274689856315,35187.053478047535,0.1,26.0,60.0,,,5023.0,879676.3369511884,1601171.0272593247,0.015000000000000005,502.0,,,,,,,,,,,,0,
27,35,necessity,12639.242664710619,2174.2999999999993,365.3834047087413,7470.986466889919,0.1,25.0,632.0,,,5023.0,194245.6481391379,181606.40547442727,0.01,502.0,,,,,,,,,,,,0,
28,35,necessity,-1370248.7154834003,2044.2999999999993,3221.4795504192,9236.89247103698,0.1,26.0,209.0,,,5023.0,230922.3117759245,1601171.0272593247,0.01,502.0,,,,,,,,,,,,0,
29,35,necessity,501158.09292456706,2337.2999999999993,346.31960975668653,25895.73946298511,0.1,27.0,2662.0,,,5023.0,673289.2260376129,172131.1331130458,0.01,502.0,,,,,,,,,,,,0,
5,44,necessity,-157303.21651411022,3171.2,1586.798091330037,15431.390471622339,0.1,29.0,504.0,,,3902.0,432078.9332054255,589382.1497195357,0.05,390.0,,,,,,,,,,,,0,
6,44,necessity,-11115.974904770497,3057.2,2131.1122208394218,27577.45648380478,0.1,30.0,174.0,,,3902.0,799746.2380303387,810862.2129351092,0.025000000000000005,390.0,,,,,,,,,,,,0,
7,44,necessity,-844510.304402713,3273.2,3147.3770922812387,12360.450880868646,0.1,29.0,117.0,,,3902.0,370813.52642605937,1215323.8308287724,0.01,390.0,,,,,,,,,,,,0,
8,44,necessity,-442619.09313820425,3546.2,2099.9252127295767,12698.038613686376,0.1,30.0,176.0,,,3902.0,368243.1197969049,810862.2129351092,0.01,390.0,,,,,,,,,,,,0,
9,44,necessity,-813846.3160519106,3760.2,3064.7884152883353,12319.561248013517,0.1,29.0,130.0,,,3902.0,369586.8374404055,1183433.1534923161,0.01,390.0,,,,,,,,,,,,0,
10,44,necessity,-412439.71894762554,4020.2,2099.9252127295767,13738.706689223573,0.1,30.0,41.0,,,3902.0,398422.4939874836,810862.2129351092,0.01,390.0,,,,,,,,,,,,0,
11,44,necessity,-1205565.2792131966,4369.2,3345.073927485606,2869.8977907304215,0.1,29.0,42.0,,,3902.0,86096.93372191265,1291662.2129351092,0.01,390.0,,,,,,,,,,,,0,
12,44,necessity,-670369.1079807137,4717.2,2099.9252127295767,4844.589826013636,0.1,30.0,327.0,,,3902.0,140493.10495439544,810862.2129351092,0.01,390.0,,,,,,,,,,,,0,
13,44,necessity,-499009.3685932922,4780.2,3070.619895427699,22889.184818752386,0.1,31.0,47.0,,,3902.0,686675.5445625716,1185684.9131558638,0.01,390.0,,,,,,,,,,,,0,
14,44,necessity,-1221279.0733914135,5123.2,3536.5491974993115,4655.455970487156,0.1,30.0,152.0,,,3902.0,144319.13508510185,1365598.2084765155,0.01,390.0,,,,,,,,,,,,0,
15,44,necessity,-453220.0302358656,5361.2,2565.85451480119,17918.515933996514,0.1,31.0,157.0,,,3902.0,537555.4780198954,990775.508255761,0.01,390.0,,,,,,,,,,,,0,
16,44,necessity,-986837.6511783842,5594.2,3598.9066012904773,12994.811574960866,0.1,30.0,40.0,,,3902.0,402839.1588237868,1389676.810002171,0.01,390.0,,,,,,,,,,,,0,
17,44,necessity,-846819.2442041419,5944.2,2565.85451480119,4798.54213505397,0.1,29.0,156.0,,,3902.0,143956.2640516191,990775.508255761,0.01,390.0,,,,,,,,,,,,0,
18,44,necessity,-369022.1407312019,6178.2,1992.277942303363,13802.52773479261,0.1,30.0,442.0,,,3902.0,400273.30430898565,769295.4450401876,0.01,390.0,,,,,,,,,,,,0,
19,44,necessity,-109229.6069072067,6126.2,2576.060773564902,29352.89501660288,0.1,31.0,189.0,,,3902.0,880586.8504980864,989816.4574052931,0.015000000000000003,390.0,,,,,,,,,,,,0,
20,44,necessity,-868554.2194193206,6327.2,3510.215382484878,15705.660845282788,0.1,30.0,210.0,,,3902.0,486875.4862037664,1355429.705623087,0.010000000000000004,390.0,,,,,,,,,,,,0,
21,44,necessity,-252671.2270834688,6507.2,2563.370819015321,24571.507677394144,0.1,31.0,133.0,,,3902.0,737145.2303218243,989816.4574052931,0.01,390.0,,,,,,,,,,,,0,
22,44,necessity,-1042414.6573439233,6764.2,3582.503596033813,10997.687707388313,0.1,30.0,152.0,,,3902.0,340928.3189290377,1383342.9762729611,0.01,390.0,,,,,,,,,,,,0,
23,44,necessity,-445275.91080815357,7002.2,2563.370819015321,18151.351553237986,0.1,31.0,134.0,,,3902.0,544540.5465971396,989816.4574052931,0.01,390.0,,,,,,,,,,,,0,
24,44,necessity,-1057370.3825319395,7258.2,3627.873562499792,11080.377088646872,0.1,30.0,186.0,,,3902.0,343491.68974805303,1400862.0722799925,0.01,390.0,,,,,,,,,,,,0,
25,44,necessity,-315031.97478033183,7462.2,2563.370819015321,22492.81608749871,0.1,31.0,133.0,,,3902.0,674784.4826249613,989816.4574052931,0.01,390.0,,,,,,,,,,,,0,
26,44,necessity,-1018200.0415243541,7719.2,3519.793950097774,10997.687707388313,0.1,30.0,80.0,,,3902.0,340928.3189290377,1359128.360453392,0.01,390.0,,,,,,,,,,,,0,
27,44,necessity,-708232.9413974711,8029.2,2563.370819015321,9386.11720026073,0.1,29.0,222.0,,,3902.0,281583.51600782195,989816.4574052931,0.01,390.0,,,,,,,,,,,,0,
28,44,necessity,-200227.12321878632,8197.2,1992.277942303363,19623.045580048318,0.1,30.0,300.0,,,3902.0,569068.3218214012,769295.4450401876,0.01,390.0,,,,,,,,,,,,0,
29,44,necessity,-409253.7302882647,8287.2,2607.708926926557,19922.77942303363,0.1,31.0,429.0,,,3902.0,597683.3826910089,1006937.1129792735,0.01,390.0,,,,,,,,,,,,0,
30,44,necessity,-252685.3724437214,8248.2,3604.3007975469072,36087.32676295139,0.1,32.0,72.0,,,3902.0,1118707.129651493,1371392.5020952143,0.025,390.0,,,,,,,,,,,,0,
