data/saved_data/run_2025_05_02_1452_gdp_zero_?/firm_data.csv
Step,AgentID,FirmType,Profit,Inventory,ProductPrice,RevenuePerEmployee,ProductionLevel,NumEmployees,DemandReceived,InventoryDemandRatio,SellThroughRate,ProductionCapacity,Revenue,Costs,Markup,ProducedUnits,IncomeBracket,NumPeople,SpendRatio,PostTaxIncome,HouseholdExpense,HouseholdSavings,HealthLevel,Welfare,SkillLevel,SkillType,JobLevel,IsEmployed,Wage
7,38,necessity,-970621.0363977295,1682.1000000000004,3536.214935482761,12461.362772273545,0.1,29.0,88.0,,,3841.0,373840.8831682064,1344461.9195659359,0.01,384.0,,,,,,,,,,,,0,
8,38,necessity,-592765.9083280653,1978.1000000000004,2377.5842408840354,10730.583252499415,0.1,28.0,132.0,,,3841.0,311186.914322483,903952.8226505483,0.01,384.0,,,,,,,,,,,,0,
9,38,necessity,-328289.1023544963,2230.1000000000004,1688.9362569889704,11208.611421310454,0.1,29.0,272.0,,,3841.0,313841.1197966927,642130.222151189,0.01,384.0,,,,,,,,,,,,0,
10,38,necessity,-449515.5380440543,2342.1000000000004,2390.612655088261,15841.057306931032,0.1,30.0,12.0,,,3841.0,459390.66190099996,908906.1999450542,0.01,384.0,,,,,,,,,,,,0,
11,38,necessity,-1280957.707208805,2714.1000000000004,3444.6393391039674,956.2450620353044,0.1,29.0,82.0,,,3841.0,28687.35186105913,1309645.0590698642,0.01,384.0,,,,,,,,,,,,0,
12,38,necessity,-626445.7741385289,3016.1000000000004,2390.612655088261,9740.014682983632,0.1,30.0,240.0,,,3841.0,282460.42580652534,908906.1999450542,0.01,384.0,,,,,,,,,,,,0,
13,38,necessity,-817276.3277846556,3160.1000000000004,3658.681236971915,19124.901240706087,0.1,31.0,185.0,,,3841.0,573747.0372211826,1391023.3650058382,0.01,384.0,,,,,,,,,,,,0,
14,38,necessity,-915007.6647008753,3359.1000000000004,4186.933141378004,21834.065446445296,0.1,32.0,100.0,,,3841.0,676856.0288398042,1591863.6935406795,0.01,384.0,,,,,,,,,,,,0,
15,38,necessity,-1486537.6903364987,3643.1000000000004,5011.1544518434575,13084.166066806261,0.1,31.0,62.0,,,3841.0,418693.31413780036,1905231.004474299,0.01,384.0,,,,,,,,,,,,0,
16,38,necessity,-1112422.2633992208,3965.1000000000004,3743.0858699598034,10022.308903686915,0.1,30.0,91.0,,,3841.0,310691.57601429435,1423113.839413515,0.01,384.0,,,,,,,,,,,,0,
17,38,necessity,-815717.0474533075,4258.1,3041.4094718605124,11354.02713887807,0.1,31.0,121.0,,,3841.0,340620.8141663421,1156337.8616196497,0.01,384.0,,,,,,,,,,,,0,
18,38,necessity,-1217133.5058153095,4521.1,4169.259084011137,11871.307938552323,0.1,32.0,59.0,,,3841.0,368010.546095122,1585144.0519104316,0.01,384.0,,,,,,,,,,,,0,
19,38,necessity,-1581331.5680713549,4846.1,4806.226634797045,7687.071436145534,0.1,31.0,114.0,,,3841.0,245986.28595665708,1827317.854028012,0.01,384.0,,,,,,,,,,,,0,
20,38,necessity,-850601.8273703668,5116.1,3678.3770226464203,17674.510850543975,0.1,32.0,69.0,,,3841.0,547909.8363668632,1398511.66373723,0.01,384.0,,,,,,,,,,,,0,
21,38,necessity,-1540910.9254355105,5431.1,4720.484699681277,7931.500455081344,0.1,31.0,102.0,,,3841.0,253808.014562603,1794718.9399981136,0.01,384.0,,,,,,,,,,,,0,
22,38,necessity,-917022.2243697398,5713.1,3678.3770226464203,15531.917398951298,0.1,32.0,184.0,,,3841.0,481489.43936749024,1398511.66373723,0.01,384.0,,,,,,,,,,,,0,
23,38,necessity,-1166621.385428783,5913.1,4848.6384904245915,21150.667880216915,0.1,33.0,67.0,,,3841.0,676821.3721669413,1843442.7575957242,0.01,384.0,,,,,,,,,,,,0,
24,38,necessity,-1703028.397619915,6230.1,5333.765736743178,9844.205419952958,0.1,32.0,73.0,,,3841.0,324858.7788584476,2027887.1764783626,0.01,384.0,,,,,,,,,,,,0,
25,38,necessity,-1193591.1838376164,6541.1,4163.504268965007,12167.653086945376,0.1,33.0,66.0,,,3841.0,389364.89878225204,1582956.0826198685,0.01,384.0,,,,,,,,,,,,0,
26,38,necessity,-1734804.3462693251,6859.1,5285.655153686382,8327.008537930014,0.1,32.0,94.0,,,3841.0,274791.2817516905,2009595.6280210156,0.01,384.0,,,,,,,,,,,,0,
27,38,necessity,-1086104.4981733486,7149.1,4163.504268965007,15526.612013953747,0.1,33.0,194.0,,,3841.0,496851.5844465199,1582956.0826198685,0.01,384.0,,,,,,,,,,,,0,
28,38,necessity,-1191259.133265632,7339.1,5257.731108858231,24476.35842967307,0.1,34.0,149.0,,,3841.0,807719.8281792114,1998978.9614448433,0.01,384.0,,,,,,,,,,,,0,
29,38,necessity,-1460888.1553367912,7574.1,5902.950483227301,23041.233388819895,0.1,33.0,201.0,,,3841.0,783401.9352198765,2244290.0905566677,0.01,384.0,,,,,,,,,,,,0,
30,38,necessity,-641774.1646030052,7757.1,4808.723643334079,35954.33476147538,0.1,34.0,60.0,,,3841.0,1186493.0471286876,1828267.2117316928,0.01,384.0,,,,,,,,,,,,0,
7,53,necessity,422993.3475698149,0.0,44.274230010500716,27788.66199730403,1.0,23.0,681992.0,,,5403.0,611350.5639406886,188357.21637087374,0.27,5403.0,,,,,,,,,,,,0,
8,53,necessity,-205691.47318422934,0.0,107.4590421788728,10400.594119423276,1.0,22.0,280345.0,,,5403.0,239213.66474673536,444905.1379309647,0.305,5403.0,,,,,,,,,,,,0,
9,53,necessity,392243.98852157604,0.0,47.76038985384724,26390.963858747717,1.0,23.0,633413.0,,,5403.0,580601.2048924498,188357.21637087374,0.37,5403.0,,,,,,,,,,,,0,
10,53,necessity,-199710.0501145418,0.0,119.03609257010329,11219.538538275505,1.0,22.0,3879.0,,,5403.0,258049.38638033663,457759.43649487844,0.40499999999999997,5403.0,,,,,,,,,,,,0,
11,53,necessity,273383.78670855693,1524.0,50.54931772852444,20988.227412701395,1.0,23.0,6852.0,,,5403.0,461741.00307943067,188357.21637087374,0.44999999999999996,5403.0,,,,,,,,,,,,0,
12,53,necessity,-91230.754029506,75.0,118.6518979771782,15059.301090254325,1.0,22.0,241492.0,,,5403.0,346363.92507584946,437594.67910535546,0.46499999999999997,5403.0,,,,,,,,,,,,0,
13,53,necessity,461617.8807481084,0.0,52.64101363453235,29544.322596317368,1.0,23.0,5484.0,,,5403.0,649975.0971189821,188357.21637087374,0.51,5403.0,,,,,,,,,,,,0,
14,53,necessity,-157434.58372738765,0.0,127.16693307175534,12366.06072466862,1.0,22.0,5675.0,,,5403.0,284419.39666737826,441853.9803947659,0.555,5403.0,,,,,,,,,,,,0,
15,53,necessity,498725.7230158204,0.0,54.73270954054026,31231.042699395188,1.0,23.0,6328.0,,,5403.0,687082.9393866941,188357.21637087374,0.5700000000000001,5403.0,,,,,,,,,,,,0,
16,53,necessity,-133740.8556037643,0.0,127.9721105176062,12857.42737597996,1.0,22.0,2481.0,,,5403.0,295720.82964753907,429461.68525130337,0.6100000000000001,5403.0,,,,,,,,,,,,0,
17,53,necessity,129141.58982330724,2922.0,55.77855749354421,14431.763917917317,1.0,23.0,9834.0,,,5403.0,317498.806194181,188357.21637087374,0.6000000000000001,5403.0,,,,,,,,,,,,0,
18,53,necessity,31169.260733639763,0.0,129.48313473379676,20189.412657989375,1.0,24.0,6690.0,,,5403.0,464356.4911337556,433187.23040011583,0.6150000000000001,5403.0,,,,,,,,,,,,0,
19,53,necessity,49553.58606918552,0.0,202.12355515560012,29149.890706945996,1.0,25.0,714.0,,,5403.0,699597.3769667039,650043.7908975184,0.6800000000000002,5403.0,,,,,,,,,,,,0,
20,53,necessity,-765331.0761108459,4689.0,271.90086624700893,5772.648735243939,1.0,24.0,2862.0,,,5403.0,144316.21838109847,909647.2944919444,0.6150000000000002,5403.0,,,,,,,,,,,,0,
8,2,necessity,-216345.43820341118,0.0,89.8401784691811,5325.485440837383,1.0,52.0,434362.0,,,7409.0,282250.7283643813,498596.1665677925,0.335,7409.0,,,,,,,,,,,,0,
9,2,necessity,456532.04095920187,0.0,39.51024130206978,12800.497736118514,1.0,53.0,883369.0,,,7409.0,665625.8822781628,209093.84131896088,0.4,7409.0,,,,,,,,,,,,0,
10,2,necessity,-205380.8835407592,0.0,96.47605546465226,5523.233543528962,1.0,52.0,388586.0,,,7409.0,292731.377807035,498112.2613477942,0.435,7409.0,,,,,,,,,,,,0,
11,2,necessity,505697.2536186477,0.0,42.33240139507476,13745.982594954012,1.0,53.0,903650.0,,,7409.0,714791.0949376086,209093.84131896088,0.5,7409.0,,,,,,,,,,,,0,
12,2,necessity,-177799.21591533755,0.0,101.15345743316269,5917.750225209603,1.0,52.0,359146.0,,,7409.0,313640.76193610893,491439.9778514465,0.525,7409.0,,,,,,,,,,,,0,
13,2,necessity,540352.1248033415,0.0,44.590129469478754,14412.422425428891,1.0,53.0,888877.0,,,7409.0,749445.9661223023,209093.84131896088,0.5800000000000001,7409.0,,,,,,,,,,,,0,
14,2,necessity,-155919.78905658005,0.0,105.34381609659239,6233.363570554115,1.0,52.0,343596.0,,,7409.0,330368.2692393681,486288.05829594814,0.6050000000000001,7409.0,,,,,,,,,,,,0,
15,2,necessity,571398.4921406922,0.0,46.84785754388274,15009.467951147175,1.0,53.0,715403.0,,,7409.0,780492.3334596531,209093.84131896088,0.6600000000000001,7409.0,,,,,,,,,,,,0,
16,2,necessity,-202081.88142087864,0.0,124.89733480140504,6548.976915898626,1.0,52.0,1617.0,,,7409.0,347095.7765426272,549177.6579635058,0.6850000000000002,7409.0,,,,,,,,,,,,0,
17,2,necessity,-7134.850945088925,5792.0,46.001209515981245,3883.826737959076,1.0,51.0,779396.0,,,7409.0,201958.99037387196,209093.84131896088,0.6300000000000001,7409.0,,,,,,,,,,,,0,
18,2,necessity,-3129787.7593518356,0.0,829.7269265384955,11907.097388636636,1.0,52.0,1179.0,,,7409.0,607261.9668204684,3737049.726172304,0.6450000000000001,7409.0,,,,,,,,,,,,0,
19,2,necessity,754043.0463261514,6230.0,48.115258476398026,18812.462430555504,1.0,53.0,741600.0,,,7409.0,978248.0463888862,224205.00006273476,0.5900000000000001,7409.0,,,,,,,,,,,,0,
20,2,necessity,155899.76185063145,0.0,108.38878644196164,12381.962459614955,1.0,52.0,344021.0,,,7409.0,656244.0103595926,500344.2485089612,0.6050000000000001,7409.0,,,,,,,,,,,,0,
21,2,necessity,578847.518685759,0.0,50.23354029611367,15443.317668240265,1.0,53.0,718326.0,,,7409.0,803052.5187484937,224205.00006273476,0.6600000000000001,7409.0,,,,,,,,,,,,0,
22,2,necessity,-221251.0142172143,0.0,135.76273148249246,7022.269812337852,1.0,52.0,268202.0,,,7409.0,372180.30005390616,593431.3142711205,0.6950000000000002,7409.0,,,,,,,,,,,,0,
23,2,necessity,781661.0774910518,0.0,53.25965718142172,19343.578414495896,1.0,53.0,622216.0,,,7409.0,1005866.0775537866,224205.00006273476,0.7600000000000002,7409.0,,,,,,,,,,,,0,
24,2,necessity,-120361.20938421029,0.0,124.7613452318109,7445.298114285916,1.0,52.0,297178.0,,,7409.0,394600.80005715357,514962.00944136386,0.7950000000000003,7409.0,,,,,,,,,,,,0,
25,2,necessity,700151.8067597523,0.0,55.680550689668166,17776.092438893982,1.0,53.0,651113.0,,,7409.0,924356.806822487,224205.00006273476,0.8400000000000003,7409.0,,,,,,,,,,,,0,
26,2,necessity,-147405.99315603677,0.0,140.19363251114777,7783.720755844367,1.0,52.0,241649.0,,,7409.0,412537.20005975146,559943.1932157882,0.8550000000000003,7409.0,,,,,,,,,,,,0,
27,2,necessity,814489.6232123591,0.0,57.7988325093838,19974.896601444114,1.0,53.0,578797.0,,,7409.0,1038694.6232750939,224205.00006273476,0.9100000000000004,7409.0,,,,,,,,,,,,0,
28,2,necessity,-74902.70987392159,0.0,131.4029953900193,8079.840567208011,1.0,52.0,262117.0,,,7409.0,428231.55006202456,503134.25993594615,0.9350000000000004,7409.0,,,,,,,,,,,,0,
29,2,necessity,749359.7927819183,0.0,59.91711432909944,18722.399862397175,1.0,53.0,9152.0,,,7409.0,973564.792844653,224205.00006273476,0.9800000000000004,7409.0,,,,,,,,,,,,0,
30,2,necessity,-63586.23338556208,0.0,136.65632421322908,8375.960378571655,1.0,52.0,3589.0,,,7409.0,443925.9000642978,507512.13344985986,0.9950000000000004,7409.0,,,,,,,,,,,,0,
8,12,necessity,-154791.65814899182,0.0,130.82354002600846,9509.519819672349,1.0,36.0,4852.0,,,4899.0,351852.2333278769,506643.8914768687,0.265,4899.0,,,,,,,,,,,,0,
9,12,necessity,423944.37285070925,47.0,57.23192888458084,17632.106005727586,1.0,37.0,3026.0,,,4899.0,634755.8162061931,210811.44335548382,0.33,4899.0,,,,,,,,,,,,0,
10,12,necessity,-364645.66238289245,1920.0,145.4631679481837,4680.643697425449,1.0,36.0,3373.0,,,4899.0,173183.81680474163,537829.4791876341,0.325,4899.0,,,,,,,,,,,,0,
11,12,necessity,279835.82213373977,3446.0,55.940983120266985,13629.09070803399,1.0,37.0,516.0,,,4899.0,490647.2654892236,210811.44335548382,0.3,4899.0,,,,,,,,,,,,0,
12,12,necessity,-442662.4651355318,7829.0,118.38731479181217,780.1499267583179,1.0,36.0,3900.0,,,4899.0,28865.547290057762,471528.01242558955,0.22999999999999998,4899.0,,,,,,,,,,,,0,
13,12,necessity,250899.08433258365,8828.0,50.562042435625926,12825.292435779651,1.0,37.0,10849.0,,,4899.0,461710.52768806746,210811.44335548382,0.175,4899.0,,,,,,,,,,,,0,
14,12,necessity,11808.523552663974,2878.0,133.66435418671045,14825.610767137992,1.0,38.0,3024.0,,,4899.0,548547.5983841057,536739.0748314417,0.22,4899.0,,,,,,,,,,,,0,
15,12,necessity,-329124.69289083534,4753.0,183.3688471641467,10636.868606858223,1.0,37.0,3147.0,,,4899.0,404201.00706061244,733325.6999514478,0.225,4899.0,,,,,,,,,,,,0,
19,12,necessity,1949583.36148526,0.0,167.91832594772575,68763.05702944714,1.0,39.0,4635.0,,,4899.0,2612996.1671189913,663412.8056337313,0.24,4899.0,,,,,,,,,,,,0,
20,12,necessity,-300406.7932840955,264.0,287.34726375796225,19956.44719917202,1.0,38.0,2807.0,,,4899.0,778301.4407677088,1078708.2340518043,0.305,4899.0,,,,,,,,,,,,0,
21,12,necessity,143170.9637348688,2356.0,173.33504613958786,21225.88866759474,1.0,39.0,7321.0,,,4899.0,806583.7693686001,663412.8056337313,0.27999999999999997,4899.0,,,,,,,,,,,,0,
22,12,necessity,116114.41503972583,0.0,301.72557482927914,32244.76307032589,1.0,40.0,2581.0,,,4899.0,1257545.7597427098,1141431.344702984,0.295,4899.0,,,,,,,,,,,,0,
23,12,necessity,-544459.7907216701,2318.0,351.12830145166834,19468.842715859235,1.0,39.0,2216.0,,,4899.0,778753.7086343694,1323213.4993560396,0.3,4899.0,,,,,,,,,,,,0,
24,12,necessity,-67094.64426988992,5001.0,214.79235054955242,19951.29015427941,1.0,40.0,7254.0,,,4899.0,778100.316016897,845194.9602867869,0.245,4899.0,,,,,,,,,,,,0,
25,12,necessity,444967.50683332235,2646.0,289.70170644581344,38952.59277216133,1.0,41.0,3785.0,,,4899.0,1558103.7108864533,1113136.204053131,0.275,4899.0,,,,,,,,,,,,0,
26,12,necessity,-428458.75745309144,3760.0,401.55620201889826,26744.413631643998,1.0,40.0,3083.0,,,4899.0,1096520.958897404,1524979.7163504953,0.29000000000000004,4899.0,,,,,,,,,,,,0,
8,23,necessity,-140115.05093206826,0.0,143.75119788777334,8662.649603768112,1.0,37.0,2408.0,,,4293.0,329180.6849431882,469295.7358752565,0.315,4293.0,,,,,,,,,,,,0,
9,23,necessity,136757.5491339417,1885.0,64.38430995503693,9355.483365236709,1.0,38.0,4481.0,,,4293.0,346152.88451375824,209395.33537981653,0.32,4293.0,,,,,,,,,,,,0,
10,23,necessity,-153657.59225464705,1697.0,137.50023749250602,7592.265602855802,1.0,37.0,5872.0,,,4293.0,288506.0929085205,442163.68516316754,0.335,4293.0,,,,,,,,,,,,0,
11,23,necessity,598006.0591761789,118.0,67.31086949844769,21821.6593123242,1.0,38.0,2999.0,,,4293.0,807401.3945559954,209395.33537981653,0.38,4293.0,,,,,,,,,,,,0,
12,23,necessity,-242292.60134504363,1412.0,145.36264801042051,5312.244674364331,1.0,37.0,3573.0,,,4293.0,201865.2976258446,444157.8989708882,0.405,4293.0,,,,,,,,,,,,0,
13,23,necessity,309985.40596141596,2132.0,67.31086949844769,14037.317333546824,1.0,38.0,9859.0,,,4293.0,519380.7413412325,209395.33537981653,0.38,4293.0,,,,,,,,,,,,0,
14,23,necessity,-19650.446687481948,0.0,149.54911530765492,11380.850961250695,1.0,37.0,2702.0,,,4293.0,432472.3365275264,452122.7832150083,0.42000000000000004,4293.0,,,,,,,,,,,,0,
15,23,necessity,194686.37418146705,1591.0,70.48130900380936,10921.127285440098,1.0,36.0,18430.0,,,4293.0,404081.7095612836,209395.33537981653,0.44500000000000006,4293.0,,,,,,,,,,,,0,
16,23,necessity,-1882205.1061764043,0.0,791.8558931221233,11519.778393844841,1.0,37.0,362.0,,,4293.0,414712.0221784143,2296917.1283548186,0.48000000000000004,4293.0,,,,,,,,,,,,0,
17,23,necessity,63225.99145887286,3931.0,75.20389969717593,7747.346846221855,1.0,36.0,6907.0,,,4293.0,286651.83331020863,223425.84185133578,0.44500000000000006,4293.0,,,,,,,,,,,,0,
18,23,necessity,-1777483.7931464245,1317.0,791.8558931221233,14428.703755788727,1.0,37.0,546.0,,,4293.0,519433.33520839416,2296917.1283548186,0.48000000000000004,4293.0,,,,,,,,,,,,0,
19,23,necessity,229387.03752783762,5064.0,67.37175613769571,11685.224801207549,1.0,36.0,10711.0,,,4293.0,432353.31764467934,202966.28011684172,0.42500000000000004,4293.0,,,,,,,,,,,,0,
20,23,necessity,-1666519.6061743996,0.0,770.4543824972011,17511.04228278941,1.0,37.0,595.0,,,4293.0,630397.5221804188,2296917.1283548186,0.44000000000000006,4293.0,,,,,,,,,,,,0,
21,23,necessity,270910.1704689896,3698.0,60.494201979113946,12389.739394211747,1.0,36.0,10496.0,,,4293.0,458420.35758583463,187510.18711684505,0.38500000000000006,4293.0,,,,,,,,,,,,0,
22,23,necessity,-1813507.960339719,0.0,759.7536271847399,13428.032444863877,1.0,37.0,1140.0,,,4293.0,483409.16801509954,2296917.1283548186,0.42000000000000004,4293.0,,,,,,,,,,,,0,
23,23,necessity,675568.8086162561,3153.0,61.475006281620374,23408.625270016313,1.0,38.0,10799.0,,,4293.0,866119.1349906035,190550.3263743475,0.38500000000000006,4293.0,,,,,,,,,,,,0,
24,23,necessity,-7447.4163729125285,0.0,152.78787360420958,12045.865704551192,1.0,37.0,1887.0,,,4293.0,457742.8967729453,465190.3131458578,0.4100000000000001,4293.0,,,,,,,,,,,,0,
25,23,necessity,97760.391116796,2406.0,63.25045772657692,7792.181553814689,1.0,36.0,5020.0,,,4293.0,288310.7174911435,190550.3263743475,0.4250000000000001,4293.0,,,,,,,,,,,,0,
26,23,necessity,-1979399.8305674023,1679.0,781.1551378096622,8819.924938539338,1.0,37.0,878.0,,,4293.0,317517.29778741614,2296917.1283548186,0.4600000000000001,4293.0,,,,,,,,,,,,0,
27,23,necessity,446782.653010124,5094.0,78.24261329912748,18536.600297213063,1.0,38.0,8118.0,,,4293.0,685854.2109968833,239071.55798675935,0.4050000000000001,4293.0,,,,,,,,,,,,0,
28,23,necessity,134091.81585649506,1269.0,165.74331252749215,16715.093020060973,1.0,37.0,2786.0,,,4293.0,635173.534762317,501081.7189058219,0.4200000000000001,4293.0,,,,,,,,,,,,0,
29,23,necessity,222689.3107148338,2776.0,79.35638715391933,12480.023478421435,1.0,36.0,20005.0,,,4293.0,461760.86870159314,239071.55798675935,0.4250000000000001,4293.0,,,,,,,,,,,,0,
30,23,necessity,-1735946.8275637627,0.0,781.1551378096622,15582.508355307105,1.0,37.0,1578.0,,,4293.0,560970.3007910558,2296917.1283548186,0.4600000000000001,4293.0,,,,,,,,,,,,0,
