data/saved_data/run_2025_05_02_1452_gdp_zero_?/firm_data.csv
Step,AgentID,FirmType,Profit,Inventory,ProductPrice,RevenuePerEmployee,ProductionLevel,NumEmployees,DemandReceived,InventoryDemandRatio,SellThroughRate,ProductionCapacity,Revenue,Costs,Markup,ProducedUnits,IncomeBracket,NumPeople,SpendRatio,PostTaxIncome,HouseholdExpense,HouseholdSavings,HealthLevel,Welfare,SkillLevel,SkillType,JobLevel,IsEmployed,Wage
8,42,necessity,-169924.830675327,0.0,84.87456381503334,8895.996666251991,1.0,24.0,348239.0,,,5570.0,222399.91665629979,392324.7473316268,0.20500000000000002,5570.0,,,,,,,,,,,,0,
9,42,necessity,308385.53746244544,0.0,37.47657887906319,19697.971685405653,1.0,25.0,809551.0,,,5570.0,472751.3204497357,164365.7829872902,0.27,5570.0,,,,,,,,,,,,0,
10,42,necessity,-187915.2345296231,0.0,92.93375428246011,8349.781774255278,1.0,24.0,296553.0,,,5570.0,208744.54435638196,396659.77888600505,0.305,5570.0,,,,,,,,,,,,0,
11,42,necessity,353275.2283660127,0.0,40.427490601824076,21568.375473054286,1.0,25.0,761198.0,,,5570.0,517641.01135330286,164365.7829872902,0.37,5570.0,,,,,,,,,,,,0,
12,42,necessity,-156054.7840595822,0.0,96.16453300427888,9007.244906086404,1.0,24.0,331955.0,,,5570.0,225181.1226521601,381235.9067117423,0.40499999999999997,5570.0,,,,,,,,,,,,0,
13,42,necessity,371270.66584654315,0.0,43.083311152308866,22318.18536807639,1.0,25.0,678107.0,,,5570.0,535636.4488338333,164365.7829872902,0.45999999999999996,5570.0,,,,,,,,,,,,0,
14,42,necessity,-167310.2971393551,0.0,108.58478369373836,9598.961724734416,1.0,24.0,268054.0,,,5570.0,239974.0431183604,407284.3402577155,0.485,5570.0,,,,,,,,,,,,0,
15,42,necessity,440451.46218683245,0.0,45.44404053051757,25200.718548921777,1.0,25.0,676491.0,,,5570.0,604817.2451741226,164365.7829872902,0.54,5570.0,,,,,,,,,,,,0,
16,42,necessity,-131884.82286769,0.0,107.4843159606413,10124.932230199314,1.0,24.0,275448.0,,,5570.0,253123.30575498287,385008.12862267287,0.555,5570.0,,,,,,,,,,,,0,
17,42,necessity,434321.85691348184,0.0,47.2145875641741,24945.318329198835,1.0,25.0,654197.0,,,5570.0,598687.639900772,164365.7829872902,0.6000000000000001,5570.0,,,,,,,,,,,,0,
18,42,necessity,-178209.31784932315,0.0,128.71475351286645,10519.410109297989,1.0,24.0,246094.0,,,5570.0,262985.25273244974,441194.5705817729,0.6250000000000001,5570.0,,,,,,,,,,,,0,
19,42,necessity,552575.394079376,0.0,49.575316942382806,29872.549044444426,1.0,25.0,653310.0,,,5570.0,716941.1770666662,164365.7829872902,0.6800000000000002,5570.0,,,,,,,,,,,,0,
20,42,necessity,-155718.19298664446,0.0,132.19189723775673,11045.380614762887,1.0,24.0,216735.0,,,5570.0,276134.5153690722,431852.70835571666,0.7050000000000002,5570.0,,,,,,,,,,,,0,
21,42,necessity,571943.0846270148,0.0,51.936046320591515,30679.536150596043,1.0,25.0,591790.0,,,5570.0,736308.867614305,164365.7829872902,0.7600000000000002,5570.0,,,,,,,,,,,,0,
22,42,necessity,-103751.8518824752,0.0,125.95486521084891,11571.35112022779,1.0,24.0,223802.0,,,5570.0,289283.77800569474,393035.62988816993,0.7850000000000003,5570.0,,,,,,,,,,,,0,
23,42,necessity,537202.8162371382,0.0,54.00168452652414,29232.024967684516,1.0,25.0,550018.0,,,5570.0,701568.5992244284,164365.7829872902,0.8300000000000003,5570.0,,,,,,,,,,,,0,
24,42,necessity,-87957.1732998637,0.0,129.46586381677076,12031.575312509578,1.0,24.0,242847.0,,,5570.0,300789.38281273947,388746.55611260317,0.8550000000000003,5570.0,,,,,,,,,,,,0,
25,42,necessity,556759.078472123,0.0,56.06732273245675,30046.86922747555,1.0,25.0,485130.0,,,5570.0,721124.8614594132,164365.7829872902,0.9000000000000004,5570.0,,,,,,,,,,,,0,
26,42,necessity,-82474.61527333251,0.0,136.43294172941054,12491.799504791365,1.0,24.0,203857.0,,,5570.0,312294.98761978414,394769.60289311665,0.9250000000000004,5570.0,,,,,,,,,,,,0,
27,42,necessity,595565.7024455266,0.0,58.132960938389374,31663.81189303403,1.0,25.0,520366.0,,,5570.0,759931.4854328168,164365.7829872902,0.9700000000000004,5570.0,,,,,,,,,,,,0,
28,42,necessity,-124104.70466854871,0.0,159.6215466022806,12952.023697073153,1.0,24.0,1446.0,,,5570.0,323800.5924268288,447905.2970953775,0.9850000000000004,5570.0,,,,,,,,,,,,0,
29,42,necessity,66446.97339960755,4124.0,57.2476874215611,9617.198182787406,1.0,23.0,540508.0,,,5570.0,230812.75638689776,164365.7829872902,0.9400000000000004,5570.0,,,,,,,,,,,,0,
30,42,necessity,-813431.0002309866,0.0,480.287721726501,24128.655733244057,1.0,24.0,1500.0,,,5570.0,554959.0818646133,1368390.0820956,0.9550000000000004,5570.0,,,,,,,,,,,,0,
8,43,necessity,-176600.9761849182,0.0,111.66531618363886,15402.634407800873,1.0,18.0,274681.0,,,5484.0,292650.0537482166,469251.0299331348,0.305,5484.0,,,,,,,,,,,,0,
9,43,necessity,411939.2870538016,0.0,50.07177797213596,34020.699663948646,1.0,19.0,10955.0,,,5484.0,612372.5939510756,200433.306897274,0.37,5484.0,,,,,,,,,,,,0,
10,43,necessity,-176265.74217044865,0.0,115.51010546040067,14452.296336799664,1.0,18.0,256151.0,,,5484.0,274593.6303991936,450859.37256964226,0.40499999999999997,5484.0,,,,,,,,,,,,0,
11,43,necessity,433024.1114475633,0.0,51.89921512440369,35192.078796935406,1.0,19.0,5562.0,,,5484.0,633457.4183448373,200433.306897274,0.42,5484.0,,,,,,,,,,,,0,
12,43,necessity,-166413.92676335678,0.0,120.48829519514881,14979.752407485781,1.0,18.0,958.0,,,5484.0,284615.29574222985,451029.22250558663,0.46499999999999997,5484.0,,,,,,,,,,,,0,
13,43,necessity,-85005.52010032143,4526.0,50.437265402589496,6412.654822052919,1.0,17.0,573413.0,,,5484.0,115427.78679695255,200433.306897274,0.37999999999999995,5484.0,,,,,,,,,,,,0,
14,43,necessity,-529893.1560109571,0.0,263.22108034109294,29698.64862823064,1.0,18.0,2301.0,,,5484.0,504877.02667992085,1034770.1826908779,0.39499999999999996,5484.0,,,,,,,,,,,,0,
15,43,necessity,406011.72296084,3183.0,51.69897441137894,33648.428103603044,1.0,19.0,595810.0,,,5484.0,605671.7058648549,199659.98290401488,0.42,5484.0,,,,,,,,,,,,0,
16,43,necessity,20498.70573674224,0.0,113.44338518775977,23582.895327548486,1.0,18.0,1781.0,,,5484.0,448075.01122342126,427576.305486679,0.45499999999999996,5484.0,,,,,,,,,,,,0,
17,43,necessity,2382.686115385266,3703.0,51.69897441137894,11224.592723300007,1.0,17.0,484127.0,,,5484.0,202042.66901940014,199659.98290401488,0.42,5484.0,,,,,,,,,,,,0,
18,43,necessity,-559811.7047735397,0.0,272.65552766514645,27938.733995137547,1.0,18.0,1056.0,,,5484.0,474958.4779173383,1034770.1826908779,0.445,5484.0,,,,,,,,,,,,0,
19,43,necessity,112228.85111435258,4428.0,44.532565031824575,15995.79095635526,1.0,17.0,636595.0,,,5484.0,287924.23721439467,175695.3861000421,0.39,5484.0,,,,,,,,,,,,0,
20,43,necessity,-593363.3980954327,0.0,265.1079698059036,25965.10497620266,1.0,18.0,1087.0,,,5484.0,441406.7845954452,1034770.1826908779,0.405,5484.0,,,,,,,,,,,,0,
21,43,necessity,118523.96150592592,4397.0,42.07181368222692,16009.575732167626,1.0,17.0,687508.0,,,5484.0,288172.36317901727,169648.40167309134,0.36000000000000004,5484.0,,,,,,,,,,,,0,
22,43,necessity,-619058.5916967937,0.0,263.22108034109294,24453.622999652012,1.0,18.0,2959.0,,,5484.0,415711.5909940842,1034770.1826908779,0.395,5484.0,,,,,,,,,,,,0,
23,43,necessity,603473.8273087012,2525.0,45.41652737633573,43270.620929405224,1.0,19.0,553589.0,,,5484.0,778871.176729294,175397.34942059274,0.42000000000000004,5484.0,,,,,,,,,,,,0,
24,43,necessity,-49043.31957632472,0.0,108.76610049015197,19144.26146089857,1.0,18.0,293920.0,,,5484.0,363740.9677570729,412784.2873333976,0.44500000000000006,5484.0,,,,,,,,,,,,0,
25,43,necessity,421075.9456674006,0.0,47.65537027516919,33137.405282666296,1.0,19.0,652906.0,,,5484.0,596473.2950879934,175397.34942059274,0.4900000000000001,5484.0,,,,,,,,,,,,0,
26,43,necessity,-151685.44034640296,0.0,114.85538358163322,13754.844767843571,1.0,18.0,266853.0,,,5484.0,261342.05058902784,413027.4909354308,0.5250000000000001,5484.0,,,,,,,,,,,,0,
27,43,necessity,454469.57414108375,0.0,50.85371727350269,34992.606864537585,1.0,19.0,596627.0,,,5484.0,629866.9235616765,175397.34942059274,0.5900000000000001,5484.0,,,,,,,,,,,,0,
28,43,necessity,-135965.26769517467,0.0,122.92605057705177,14677.988711994145,1.0,18.0,232080.0,,,5484.0,278881.78552788874,414847.0532230634,0.6250000000000001,5484.0,,,,,,,,,,,,0,
29,43,necessity,498729.11194395914,0.0,53.732229572002844,37451.47007580844,1.0,19.0,481859.0,,,5484.0,674126.4613645519,175397.34942059274,0.6800000000000002,5484.0,,,,,,,,,,,,0,
30,43,necessity,-155594.63296516106,0.0,139.1674680626886,15508.818261729664,1.0,18.0,216384.0,,,5484.0,294667.5469728636,450262.17993802467,0.6950000000000002,5484.0,,,,,,,,,,,,0,
8,49,necessity,-221323.53696204853,0.0,88.6865594814995,13135.330327885564,1.0,18.0,330930.0,,,6876.0,249571.27622982571,470894.81319187424,0.29500000000000004,6876.0,,,,,,,,,,,,0,
9,49,necessity,417427.92211105506,0.0,37.77111142455961,33878.26572193281,1.0,19.0,850635.0,,,6876.0,609808.7829947906,192380.86088373553,0.35000000000000003,6876.0,,,,,,,,,,,,0,
10,49,necessity,-157308.01481262856,0.0,83.99879508675731,13669.166429224835,1.0,18.0,352869.0,,,6876.0,259714.16215527186,417022.1769679004,0.385,6876.0,,,,,,,,,,,,0,
11,49,necessity,385194.85413280776,0.0,40.568971530082536,32087.539723141294,1.0,19.0,760694.0,,,6876.0,577575.7150165433,192380.86088373553,0.45,6876.0,,,,,,,,,,,,0,
12,49,necessity,-153072.1030423374,0.0,92.67538075189388,14681.697275834078,1.0,18.0,312343.0,,,6876.0,278952.2482408475,432024.3512831849,0.47500000000000003,6876.0,,,,,,,,,,,,0,
13,49,necessity,444855.0571662868,0.0,42.807259614500886,35401.99544722346,1.0,19.0,660230.0,,,6876.0,637235.9180500223,192380.86088373553,0.53,6876.0,,,,,,,,,,,,0,
14,49,necessity,-144814.31239960255,0.0,99.31488958508453,15491.72195312148,1.0,18.0,315217.0,,,6876.0,294342.7171093081,439157.02950891067,0.555,6876.0,,,,,,,,,,,,0,
15,49,necessity,490508.3199033057,0.0,44.76576168836694,37938.28782150229,1.0,19.0,670800.0,,,6876.0,682889.1807870412,192380.86088373553,0.6000000000000001,6876.0,,,,,,,,,,,,0,
16,49,necessity,-154627.1367868001,0.0,108.61474261974162,16200.493545747953,1.0,18.0,267513.0,,,6876.0,307809.3773692111,462436.5141560112,0.6150000000000001,6876.0,,,,,,,,,,,,0,
17,49,necessity,554454.1093696079,0.0,46.724263762232994,41490.8316807413,1.0,19.0,612107.0,,,6876.0,746834.9702533433,192380.86088373553,0.6700000000000002,6876.0,,,,,,,,,,,,0,
18,49,necessity,-133560.05680700333,0.0,112.12146305367911,16909.265138374423,1.0,18.0,256889.0,,,6876.0,321276.03762911406,454836.0944361174,0.6950000000000002,6876.0,,,,,,,,,,,,0,
19,49,necessity,578566.319073362,0.0,48.962551846651344,42830.39888650542,1.0,19.0,591298.0,,,6876.0,770947.1799570975,192380.86088373553,0.7500000000000002,6876.0,,,,,,,,,,,,0,
20,49,necessity,-81794.8447355334,0.0,107.41481745477324,17719.28981566182,1.0,18.0,309243.0,,,6876.0,336666.5064975746,418461.351233108,0.7650000000000002,6876.0,,,,,,,,,,,,0,
21,49,necessity,546203.4239352853,0.0,50.9210539205174,41032.46026772338,1.0,19.0,570969.0,,,6876.0,738584.2848190208,192380.86088373553,0.8200000000000003,6876.0,,,,,,,,,,,,0,
22,49,necessity,-98833.88464088348,0.0,120.46890775298246,18428.0614082883,1.0,18.0,267786.0,,,6876.0,350133.1667574777,448967.05139836116,0.8450000000000003,6876.0,,,,,,,,,,,,0,
23,49,necessity,635963.3488257718,0.0,53.15934200493575,46019.1227616393,1.0,19.0,582096.0,,,6876.0,828344.2097095074,192380.86088373553,0.9000000000000004,6876.0,,,,,,,,,,,,0,
24,49,necessity,-60231.62395347387,0.0,119.19413533612192,19238.0860855757,1.0,18.0,230506.0,,,6876.0,365523.63562593824,425755.2595794121,0.9250000000000004,6876.0,,,,,,,,,,,,0,
25,49,necessity,627198.0136874388,0.0,55.3976300893541,45532.15969839857,1.0,19.0,497103.0,,,6876.0,819578.8745711743,192380.86088373553,0.9800000000000004,6876.0,,,,,,,,,,,,0,
26,49,necessity,-42527.01670315949,0.0,123.47286909215119,20048.110762863096,1.0,18.0,239737.0,,,6876.0,380914.1044943988,423441.1211975583,1.0050000000000003,6876.0,,,,,,,,,,,,0,
27,49,necessity,656618.5869938959,0.0,57.356132163220146,47166.63599320175,1.0,19.0,503764.0,,,6876.0,848999.4478776315,192380.86088373553,1.0500000000000003,6876.0,,,,,,,,,,,,0,
28,49,necessity,-44512.887276751106,0.0,131.8085211332629,20756.882355489564,1.0,18.0,213525.0,,,6876.0,394380.7647543017,438893.6520310528,1.0650000000000002,6876.0,,,,,,,,,,,,0,
29,49,necessity,713934.5304285802,0.0,59.314634237086196,50350.85507290643,1.0,19.0,493481.0,,,6876.0,906315.3913123157,192380.86088373553,1.12,6876.0,,,,,,,,,,,,0,
30,49,necessity,-65882.30080974736,0.0,147.78217884592715,21465.653948116036,1.0,18.0,198713.0,,,6876.0,407847.4250142047,473729.72582395206,1.145,6876.0,,,,,,,,,,,,0,
8,54,necessity,-237103.76601428684,0.0,107.8534234483299,14072.066230603547,1.0,18.0,285717.0,,,6104.0,267369.25838146737,504473.0243957542,0.305,6104.0,,,,,,,,,,,,0,
9,54,necessity,462587.1522841401,0.0,43.93474735337209,36574.29426270032,1.0,19.0,676126.0,,,6104.0,658337.2967286058,195750.14444446567,0.37,6104.0,,,,,,,,,,,,0,
10,54,necessity,-159111.48789895436,0.0,98.35211433025562,14114.61567605175,1.0,18.0,317456.0,,,6104.0,268177.69784498325,427289.1857439376,0.40499999999999997,6104.0,,,,,,,,,,,,0,
11,54,necessity,404591.1614274146,0.0,47.141663218581726,33352.29477066002,1.0,19.0,692626.0,,,6104.0,600341.3058718803,195750.14444446567,0.47,6104.0,,,,,,,,,,,,0,
12,54,necessity,-127706.0497817673,0.0,101.75472627619438,15144.879594011729,1.0,18.0,307423.0,,,6104.0,287752.71228622284,415458.76206799014,0.495,6104.0,,,,,,,,,,,,0,
13,54,necessity,425360.7047454248,0.0,49.70719591074944,34506.15828832725,1.0,19.0,685764.0,,,6104.0,621110.8491898904,195750.14444446567,0.55,6104.0,,,,,,,,,,,,0,
14,54,necessity,-148969.97395828617,0.0,116.72718691257151,15969.090728379715,1.0,18.0,274895.0,,,6104.0,303412.7238392146,452382.69779750076,0.5750000000000001,6104.0,,,,,,,,,,,,0,
15,54,necessity,516752.6044698709,0.0,52.272728602917155,39583.48605079648,1.0,19.0,2761.0,,,6104.0,712502.7489143366,195750.14444446567,0.6300000000000001,6104.0,,,,,,,,,,,,0,
16,54,necessity,-277200.189663664,3343.0,111.52738976517475,7596.05282487654,1.0,18.0,254790.0,,,6104.0,144325.00367265427,421525.19333631825,0.6150000000000001,6104.0,,,,,,,,,,,,0,
17,54,necessity,857849.1066671403,0.0,52.272728602917155,58533.29172842255,1.0,19.0,13805.0,,,6104.0,1053599.251111606,195750.14444446567,0.6300000000000001,6104.0,,,,,,,,,,,,0,
18,54,necessity,-107407.17317849316,0.0,117.03044671344874,16793.3018627477,1.0,18.0,273157.0,,,6104.0,319072.7353922063,426479.90857069945,0.6750000000000002,6104.0,,,,,,,,,,,,0,
19,54,necessity,518603.70229442546,0.0,54.19687812204294,39686.324818827285,1.0,19.0,7456.0,,,6104.0,714353.8467388911,195750.14444446567,0.6900000000000002,6104.0,,,,,,,,,,,,0,
20,54,necessity,-79354.79153119621,0.0,117.25935034142462,17411.46021352369,1.0,18.0,240909.0,,,6104.0,330817.7440569501,410172.5355881463,0.7450000000000002,6104.0,,,,,,,,,,,,0,
21,54,necessity,520000.9300395902,0.0,56.76241081421066,39763.94858244755,1.0,19.0,4069.0,,,6104.0,715751.0744840559,195750.14444446567,0.7700000000000002,6104.0,,,,,,,,,,,,0,
22,54,necessity,-239191.76755932532,2035.0,137.48886967518072,12156.118400159114,1.0,18.0,203910.0,,,6104.0,230966.24960302317,470158.0171623485,0.7850000000000003,6104.0,,,,,,,,,,,,0,
23,54,necessity,923271.7658418303,0.0,57.72448557377355,62167.88390479422,1.0,19.0,9001.0,,,6104.0,1119021.910286296,195750.14444446567,0.8000000000000003,6104.0,,,,,,,,,,,,0,
24,54,necessity,-89194.455030957,0.0,133.46166431720562,18544.750523279672,1.0,18.0,3460.0,,,6104.0,352350.2599423138,441544.7149732708,0.8450000000000003,6104.0,,,,,,,,,,,,0,
25,54,necessity,266027.2140930658,2644.0,58.36586874681548,25654.297696529524,1.0,19.0,9396.0,,,6104.0,461777.35853753146,195750.14444446567,0.8200000000000003,6104.0,,,,,,,,,,,,0,
26,54,necessity,51019.99424191541,0.0,138.15548619850674,26872.87472616536,1.0,20.0,3135.0,,,6104.0,510584.6197971418,459564.6255552264,0.8350000000000003,6104.0,,,,,,,,,,,,0,
27,54,necessity,-178904.82082433748,2969.0,184.4890197771557,21655.87246161593,1.0,19.0,2815.0,,,6104.0,433117.4492323186,612022.2700566561,0.8400000000000003,6104.0,,,,,,,,,,,,0,
28,54,necessity,171128.801726798,6258.0,101.82681899845944,27333.50477224702,1.0,20.0,291901.0,,,6104.0,519336.59067269333,348207.7889458953,0.7850000000000004,6104.0,,,,,,,,,,,,0,
29,54,necessity,617486.3505830124,0.0,190.68703574281622,62939.156822947785,1.0,21.0,3176.0,,,6104.0,1258783.1364589557,641296.7858759433,0.8150000000000004,6104.0,,,,,,,,,,,,0,
30,54,necessity,-273273.37448099884,2928.0,264.935703757438,28839.14407234211,1.0,20.0,2718.0,,,6104.0,605622.0255191843,878895.4000001831,0.8400000000000004,6104.0,,,,,,,,,,,,0,
