data/saved_data/run_2025_05_02_1452_gdp_zero_?/firm_data.csv
Step,AgentID,FirmType,Profit,Inventory,ProductPrice,RevenuePerEmployee,ProductionLevel,NumEmployees,DemandReceived,InventoryDemandRatio,SellThroughRate,ProductionCapacity,Revenue,Costs,Markup,ProducedUnits,IncomeBracket,NumPeople,SpendRatio,PostTaxIncome,HouseholdExpense,HouseholdSavings,HealthLevel,Welfare,SkillLevel,SkillType,JobLevel,IsEmployed,Wage
8,68,luxury,-248550.7870680734,166.70000000000005,33957.634708437,36267.12297697405,0.1,25.0,56.0,,,397.0,942945.1974013255,1191495.9844693989,0.13999999999999993,40.0,,,,,,,,,,,,0,
9,68,luxury,1371639.189803565,150.70000000000005,15038.419165069758,76065.10174689889,0.1,26.0,84.0,,,397.0,1901627.543672472,529988.353868907,0.13499999999999993,40.0,,,,,,,,,,,,0,
10,68,luxury,-29092.743177530123,106.70000000000005,37477.27770132636,48585.66191791768,0.1,25.0,53.0,,,397.0,1263227.2098658597,1292319.9530433898,0.15999999999999992,40.0,,,,,,,,,,,,0,
11,68,luxury,1456307.36430139,93.70000000000005,15700.904590843753,79451.82872681189,0.1,26.0,61.0,,,397.0,1986295.718170297,529988.353868907,0.18499999999999991,40.0,,,,,,,,,,,,0,
12,68,luxury,-216480.8859539542,72.70000000000005,35227.08109918567,36836.73769390265,0.1,25.0,33.0,,,397.0,957755.1800414689,1174236.0659954231,0.19999999999999993,40.0,,,,,,,,,,,,0,
13,68,luxury,632505.3224042201,79.70000000000005,15634.656048266355,46499.747050925085,0.1,26.0,103.0,,,397.0,1162493.676273127,529988.353868907,0.17999999999999994,40.0,,,,,,,,,,,,0,
19,68,luxury,-1151841.786267567,79.0,98267.14636842076,77632.74189774402,0.1,30.0,5.0,,,397.0,2251349.515034577,3403191.301302144,0.15499999999999994,40.0,,,,,,,,,,,,0,
20,68,luxury,-3656511.1091150576,114.0,110954.90022173154,16377.857728070125,0.1,29.0,6.0,,,397.0,491335.73184210376,4147846.8409571615,0.06999999999999994,40.0,,,,,,,,,,,,0,
21,68,luxury,-2431798.550056237,148.0,78212.57881719785,22956.186252772044,0.1,30.0,25.0,,,397.0,665729.4013303893,3097527.951386626,0.01,40.0,,,,,,,,,,,,0,
22,68,luxury,-2274237.0761337024,163.0,106796.17388082779,65177.14901433154,0.1,31.0,31.0,,,397.0,1955314.4704299462,4229551.546563649,0.01,40.0,,,,,,,,,,,,0,
23,68,luxury,-1969903.0510281837,172.0,133334.75381031077,106796.17388082779,0.1,32.0,12.0,,,397.0,3310681.3903056616,5280584.441333845,0.01,40.0,,,,,,,,,,,,0,
24,68,luxury,-4398676.0198980495,200.0,151466.99612027503,50000.53267886654,0.1,31.0,15.0,,,397.0,1600017.0457237293,5998693.065621778,0.01,40.0,,,,,,,,,,,,0,
25,68,luxury,-2675655.2290474563,225.0,124928.41619079205,73290.48199368146,0.1,32.0,12.0,,,397.0,2272004.9418041254,4947660.170851582,0.01,40.0,,,,,,,,,,,,0,
26,68,luxury,-4506493.750445043,253.0,151642.27351349048,46848.15607154702,0.1,31.0,17.0,,,397.0,1499140.9942895046,6005634.744734547,0.01,40.0,,,,,,,,,,,,0,
27,68,luxury,-2369741.5211222437,276.0,124928.41619079205,83158.66612030122,0.1,32.0,15.0,,,397.0,2577918.649729338,4947660.170851582,0.01,40.0,,,,,,,,,,,,0,
28,68,luxury,-4162378.1806958886,301.0,152416.68288441663,58560.19508943377,0.1,31.0,14.0,,,397.0,1873926.2428618807,6036304.4235577695,0.01,40.0,,,,,,,,,,,,0,
29,68,luxury,-2813826.6104697487,327.0,124928.41619079205,68833.34065747849,0.1,32.0,10.0,,,397.0,2133833.560381833,4947660.170851582,0.01,40.0,,,,,,,,,,,,0,
9,31,necessity,375733.9607769416,2304.0,45.81441225087073,34264.19283207495,1.0,17.0,636437.0,,,4631.0,548227.0853131992,172493.12453625756,0.23,4631.0,,,,,,,,,,,,0,
10,31,necessity,-122020.84168155625,0.0,119.17047228151958,18689.585232928737,1.0,16.0,4601.0,,,4631.0,317722.94895978854,439743.7906413448,0.255,4631.0,,,,,,,,,,,,0,
11,31,necessity,375810.218431014,30.0,49.16668631800762,34268.95893545447,1.0,17.0,628233.0,,,4631.0,548303.3429672716,172493.12453625756,0.32,4631.0,,,,,,,,,,,,0,
12,31,necessity,-167003.1094263379,0.0,115.9164416831198,13480.348525190208,1.0,16.0,258213.0,,,4631.0,229165.92492823352,396169.0343545714,0.355,4631.0,,,,,,,,,,,,0,
13,31,necessity,364315.91689827025,0.0,52.89143528149304,33550.56508965799,1.0,17.0,13643.0,,,4631.0,536809.0414345278,172493.12453625756,0.42,4631.0,,,,,,,,,,,,0,
14,31,necessity,-162643.3118767791,0.0,128.0574526409114,14408.249222858485,1.0,16.0,2253.0,,,4631.0,244940.23678859425,407583.54866537335,0.45499999999999996,4631.0,,,,,,,,,,,,0,
15,31,necessity,116020.31626371582,2378.0,53.26391017784158,18032.090049998336,1.0,17.0,6504.0,,,4631.0,288513.4407999734,172493.12453625756,0.42999999999999994,4631.0,,,,,,,,,,,,0,
16,31,necessity,-36870.17816313851,505.0,119.59977306679771,20378.145399804802,1.0,18.0,4825.0,,,4631.0,346428.47179668164,383298.64995982015,0.44499999999999995,4631.0,,,,,,,,,,,,0,
17,31,necessity,34879.13570632285,311.0,174.4467190981662,32059.38361373883,1.0,19.0,2316.0,,,4631.0,577068.905047299,542189.7693409761,0.49,4631.0,,,,,,,,,,,,0,
18,31,necessity,-353364.7233143636,2626.0,239.5954589749253,21264.136917439628,1.0,18.0,1566.0,,,4631.0,404018.6014313529,757383.3247457165,0.46499999999999997,4631.0,,,,,,,,,,,,0,
10,10,necessity,-190618.8175871838,1764.6000000000004,831.6727505501277,6074.104787591765,0.1,56.0,587.0,,,6806.0,346223.9728927306,536842.7904799144,0.055,681.0,,,,,,,,,,,,0,
11,10,necessity,272922.71845138306,1858.6000000000004,327.1712295280832,8717.712581659374,0.1,57.0,1411.0,,,6806.0,488191.90457292495,215269.18612154192,0.035,681.0,,,,,,,,,,,,0,
12,10,necessity,-29435.607455523743,1128.6000000000004,757.1628813193373,8098.922892353076,0.1,56.0,342.0,,,6806.0,461638.6048641254,491074.2123196491,0.05,681.0,,,,,,,,,,,,0,
13,10,necessity,43680.51928967144,1467.6000000000004,330.33230420951395,4624.101882343096,0.1,55.0,2270.0,,,6806.0,258949.70541121336,215269.18612154192,0.045000000000000005,681.0,,,,,,,,,,,,0,
21,10,necessity,-3579428.40234046,1599.0,5879.913546490348,6412.566460649452,0.1,53.0,75.0,,,6806.0,346278.5888750704,3925706.9912155303,0.020000000000000004,681.0,,,,,,,,,,,,0,
22,10,necessity,-3412052.4752287543,2205.0,5714.502856700709,8320.632377108985,0.1,54.0,100.0,,,6806.0,440993.51598677615,3853045.9912155303,0.01,681.0,,,,,,,,,,,,0,
23,10,necessity,350913.67643706745,2786.0,327.080726869681,10582.412697593905,0.1,55.0,529.0,,,6806.0,571450.2856700709,220536.60923300343,0.01,681.0,,,,,,,,,,,,0,
24,10,necessity,-362252.3801475095,2938.0,793.877921753757,3145.9219002556592,0.1,54.0,253.0,,,6806.0,173025.70451406125,535278.0846615707,0.01,681.0,,,,,,,,,,,,0,
25,10,necessity,-19685.495029302896,3366.0,327.080726869681,3719.465077846306,0.1,55.0,2555.0,,,6806.0,200851.11420370053,220536.60923300343,0.01,681.0,,,,,,,,,,,,0,
26,10,necessity,307431.40174680843,1492.0,783.469094237606,15194.386493673363,0.1,56.0,771.0,,,6806.0,835691.2571520349,528259.8554052265,0.01,681.0,,,,,,,,,,,,0,
27,10,necessity,-130459.62071166071,1402.0,1116.3322929301505,10786.69056530704,0.1,55.0,821.0,,,6806.0,604054.6716571943,734514.292368855,0.035,681.0,,,,,,,,,,,,0,
28,10,necessity,489717.76629902166,1262.0,645.5136225213174,16663.796590830065,0.1,56.0,580.0,,,6806.0,916508.8124956535,426791.04619663185,0.030000000000000006,681.0,,,,,,,,,,,,0,
29,10,necessity,-319257.2785892566,1363.0,1028.7690608213918,6685.676804685073,0.1,55.0,1092.0,,,6806.0,374397.9010623641,693655.1796516207,0.010000000000000005,681.0,,,,,,,,,,,,0,
10,33,necessity,156724.0351960383,2257.0,648.0226943967469,9781.525384030421,0.1,51.0,399.0,,,5184.0,489076.26920152106,332352.23400548275,0.01,518.0,,,,,,,,,,,,0,
11,33,necessity,-315573.92503515224,2376.0,1119.452372164086,5069.824609103961,0.1,50.0,437.0,,,5184.0,258561.05506430203,574134.9800994543,0.01,518.0,,,,,,,,,,,,0,
12,33,necessity,156848.45263022283,2457.0,648.0226943967469,9784.013732714111,0.1,51.0,712.0,,,5184.0,489200.6866357056,332352.23400548275,0.01,518.0,,,,,,,,,,,,0,
13,33,necessity,-96238.97312202578,2263.0,1087.2730535918179,9046.905066872232,0.1,50.0,476.0,,,5184.0,461392.1584104838,557631.1315325096,0.010000000000000004,518.0,,,,,,,,,,,,0,
14,33,necessity,185189.73950422258,2305.0,648.0226943967469,10350.839470194107,0.1,51.0,399.0,,,5184.0,517541.97350970533,332352.23400548275,0.01,518.0,,,,,,,,,,,,0,
15,33,necessity,-329391.3343610241,2424.0,1146.3936528439879,5069.824609103961,0.1,50.0,525.0,,,5184.0,258561.05506430203,587952.3894253261,0.01,518.0,,,,,,,,,,,,0,
16,33,necessity,269504.43373761093,2417.0,648.0226943967469,12037.133354861873,0.1,51.0,843.0,,,5184.0,601856.6677430937,332352.23400548275,0.01,518.0,,,,,,,,,,,,0,
17,33,necessity,-14145.327974922606,2092.0,1092.7273028034108,10711.433948557993,0.1,50.0,183.0,,,5184.0,546283.1313764576,560428.4593513802,0.01,518.0,,,,,,,,,,,,0,
18,33,necessity,-132383.13759245857,2427.0,648.0226943967469,3999.3819282604836,0.1,49.0,711.0,,,5184.0,199969.09641302418,332352.23400548275,0.01,518.0,,,,,,,,,,,,0,
19,33,necessity,280302.13123057166,2234.0,351.82707370375186,9402.941545226267,0.1,50.0,1230.0,,,5184.0,460744.13571608707,180442.00448551538,0.01,518.0,,,,,,,,,,,,0,
20,33,necessity,17281.835786916316,1522.0,838.149440057221,8654.946013112296,0.1,49.0,582.0,,,5184.0,432747.3006556148,415465.4648686985,0.045,518.0,,,,,,,,,,,,0,
21,33,necessity,307360.96962778724,1458.0,369.2442555702743,9955.162737006176,0.1,50.0,547.0,,,5184.0,487802.9741133026,180442.00448551538,0.06,518.0,,,,,,,,,,,,0,
22,33,necessity,-198366.0536200106,1429.0,807.6410818012979,4039.5321559388003,0.1,49.0,463.0,,,5184.0,201976.60779694002,400342.66141695064,0.045,518.0,,,,,,,,,,,,0,
23,33,necessity,193495.81638848552,1484.0,357.05222826370857,7631.3840994694065,0.1,50.0,3147.0,,,5184.0,373937.8208740009,180442.00448551538,0.024999999999999998,518.0,,,,,,,,,,,,0,
10,69,luxury,-1078623.7608430577,130.0,32319.021295592986,7628.853919973197,0.1,19.0,14.0,,,440.0,152577.07839946394,1231200.8392425217,0.15499999999999997,44.0,,,,,,,,,,,,0,
11,69,luxury,-69552.45062186895,160.0,12931.82780038087,23814.01569148957,0.1,20.0,37.0,,,440.0,452466.2981383018,522018.74876017077,0.08999999999999997,44.0,,,,,,,,,,,,0,
12,69,luxury,-801609.4641863487,167.0,30547.532202112066,23923.88143070461,0.1,21.0,67.0,,,440.0,478477.6286140922,1280087.092800441,0.04999999999999996,44.0,,,,,,,,,,,,0,
13,69,luxury,-353886.7268279048,144.0,57013.56908301063,97461.17416864327,0.1,22.0,13.0,,,440.0,2046684.6575415086,2400571.3843694134,0.044999999999999964,44.0,,,,,,,,,,,,0,
14,69,luxury,-2443244.9542344543,175.0,73096.94301681331,33689.836276324466,0.1,21.0,18.0,,,440.0,741176.3980791382,3184421.3523135926,0.01,44.0,,,,,,,,,,,,0,
15,69,luxury,-748192.0864419807,201.0,47376.735999439334,62654.522585839986,0.1,22.0,33.0,,,440.0,1315744.9743026397,2063937.0607446204,0.01,44.0,,,,,,,,,,,,0,
16,69,luxury,-1710349.565774181,212.0,75148.17266238779,71065.10399915901,0.1,23.0,20.0,,,440.0,1563432.287981498,3273781.853755679,0.01,44.0,,,,,,,,,,,,0,
17,69,luxury,-2372290.6846254505,236.0,88954.69523402826,65346.23709772851,0.1,22.0,15.0,,,440.0,1502963.4532477558,3875254.1378732063,0.01,44.0,,,,,,,,,,,,0,
18,69,luxury,-1331088.9163517237,265.0,61183.258571079794,60650.92856865563,0.1,21.0,36.0,,,440.0,1334320.428510424,2665409.3448621477,0.01,44.0,,,,,,,,,,,,0,
19,69,luxury,295256.30773699516,273.0,43782.14470563526,104885.58612185107,0.1,22.0,27.0,,,440.0,2202597.3085588724,1907341.0008218773,0.01,44.0,,,,,,,,,,,,0,
20,69,luxury,-1862533.7153987389,290.0,69888.59247242745,53732.63213873419,0.1,21.0,29.0,,,440.0,1182117.907052152,3044651.622450891,0.01,44.0,,,,,,,,,,,,0,
21,69,luxury,119428.18087851885,305.0,43782.14470563526,96512.81817620934,0.1,22.0,34.0,,,440.0,2026769.1817003961,1907341.0008218773,0.01,44.0,,,,,,,,,,,,0,
22,69,luxury,-1632377.5967518557,315.0,71640.45796069162,67663.31454507267,0.1,21.0,13.0,,,440.0,1488592.919991599,3120970.5167434546,0.01,44.0,,,,,,,,,,,,0,
23,69,luxury,-976015.0473328861,346.0,43782.14470563526,44348.8549280472,0.1,20.0,58.0,,,440.0,931325.9534889911,1907341.0008218773,0.01,44.0,,,,,,,,,,,,0,
24,69,luxury,1415873.3600491472,332.0,25789.225395846588,126968.21964634226,0.1,21.0,60.0,,,440.0,2539364.3929268452,1123491.032877698,0.01,44.0,,,,,,,,,,,,0,
25,69,luxury,-245019.30407649186,316.0,41754.1387902007,73683.50113099025,0.1,20.0,71.0,,,440.0,1547353.5237507953,1792372.8278272871,0.025,44.0,,,,,,,,,,,,0,
26,69,luxury,1841052.8212265517,289.0,26172.2336938047,148227.19270521248,0.1,21.0,144.0,,,440.0,2964543.8541042497,1123491.032877698,0.025000000000000005,44.0,,,,,,,,,,,,0,
27,69,luxury,1924121.8368834672,189.0,44230.390014099146,179466.74532894653,0.1,22.0,41.0,,,440.0,3768801.651907877,1844679.81502441,0.05500000000000001,44.0,,,,,,,,,,,,0,
28,69,luxury,-1214003.1696736237,192.0,73622.05745107385,82429.36320809386,0.1,21.0,34.0,,,440.0,1813445.990578065,3027449.1602516887,0.07,44.0,,,,,,,,,,,,0,
29,69,luxury,658470.1383121009,202.0,43391.89920814466,119197.61682554813,0.1,22.0,62.0,,,440.0,2503149.953336511,1844679.81502441,0.03500000000000001,44.0,,,,,,,,,,,,0,
10,74,luxury,-2197445.148371176,85.0,199512.1370122946,49427.658883252254,0.1,15.0,4.0,,,170.0,790842.5421320361,2988287.6905032117,0.135,17.0,,,,,,,,,,,,0,
11,74,luxury,-1009691.1579357397,98.0,113781.2571542709,53203.2365366119,0.1,16.0,8.0,,,170.0,798048.5480491784,1807739.7059849182,0.07,17.0,,,,,,,,,,,,0,
12,74,luxury,-2105418.597573452,107.0,180053.14732803448,56890.62857713545,0.1,17.0,10.0,,,170.0,910250.0572341672,3015668.6548076193,0.015000000000000013,17.0,,,,,,,,,,,,0,
13,74,luxury,-1895129.8861450541,114.0,219565.75020317073,105913.6160753144,0.1,18.0,8.0,,,170.0,1800531.4732803449,3695661.359425399,0.01,17.0,,,,,,,,,,,,0,
14,74,luxury,-2415399.5532752583,123.0,247861.44485812855,97584.77786807588,0.1,17.0,0.0,,,170.0,1756526.0016253658,4171925.5549006243,0.01,17.0,,,,,,,,,,,,0,
15,74,luxury,-2963996.606077923,140.0,176096.25859073197,0.0,0.1,16.0,3.0,,,170.0,0.0,2963996.606077923,0.01,17.0,,,,,,,,,,,,0,
16,74,luxury,-1779046.9999334193,154.0,137082.8821399876,33018.04848576224,0.1,17.0,12.0,,,170.0,528288.7757721959,2307335.775705615,0.01,17.0,,,,,,,,,,,,0,
17,74,luxury,-1745835.9429972207,159.0,201455.21367697816,96764.38739293243,0.1,18.0,4.0,,,170.0,1644994.5856798512,3390830.528677072,0.01,17.0,,,,,,,,,,,,0,
18,74,luxury,-3265932.8893439765,172.0,241910.06115190274,44767.8252615507,0.1,17.0,2.0,,,170.0,805820.8547079127,4071753.744051889,0.01,17.0,,,,,,,,,,,,0,
19,74,luxury,-2504438.868776627,187.0,177537.72961491215,28460.0071943415,0.1,16.0,9.0,,,170.0,483820.1223038055,2988258.991080432,0.01,17.0,,,,,,,,,,,,0,
20,74,luxury,-727857.7340722333,195.0,138173.77267286673,99864.97290838808,0.1,17.0,15.0,,,170.0,1597839.5665342093,2325697.3006064426,0.01,17.0,,,,,,,,,,,,0,
21,74,luxury,-1330045.1412830672,197.0,202157.53214895862,121918.034711353,0.1,18.0,4.0,,,170.0,2072606.590093001,3402651.731376068,0.01,17.0,,,,,,,,,,,,0,
22,74,luxury,-3267343.506628261,210.0,242160.77231856258,44923.89603310192,0.1,17.0,7.0,,,170.0,808630.1285958345,4075973.6352240955,0.01,17.0,,,,,,,,,,,,0,
23,74,luxury,-1303893.7982245313,220.0,178177.01284247066,99713.25918999636,0.1,18.0,12.0,,,170.0,1695125.4062299381,2999019.2044544695,0.01,17.0,,,,,,,,,,,,0,
24,74,luxury,-1935012.7842280357,225.0,241992.2391605189,118784.67522831378,0.1,19.0,6.0,,,170.0,2138124.154109648,4073136.9383376837,0.01,17.0,,,,,,,,,,,,0,
25,74,luxury,-3298091.1476826845,236.0,282208.51448610245,76418.60184016386,0.1,18.0,1.0,,,170.0,1451953.4349631134,4750044.582645798,0.01,17.0,,,,,,,,,,,,0,
26,74,luxury,-3393718.334276482,252.0,218393.28816805422,15678.250804783469,0.1,17.0,7.0,,,170.0,282208.51448610245,3675926.8487625844,0.01,17.0,,,,,,,,,,,,0,
27,74,luxury,-1473851.9277381776,262.0,178390.04799845026,89926.6480691988,0.1,18.0,11.0,,,170.0,1528753.0171763794,3002604.944914557,0.01,17.0,,,,,,,,,,,,0,
28,74,luxury,-2160397.6262359694,268.0,244936.16416617337,109016.14044349738,0.1,19.0,3.0,,,170.0,1962290.5279829528,4122688.1542189224,0.01,17.0,,,,,,,,,,,,0,
29,74,luxury,-4138425.888360775,282.0,289527.4373612029,38674.13118413263,0.1,18.0,1.0,,,170.0,734808.4924985201,4873234.380859295,0.01,17.0,,,,,,,,,,,,0,
