data/saved_data/run_2025_05_02_1452_gdp_zero_?/firm_data.csv
Step,AgentID,FirmType,Profit,Inventory,ProductPrice,RevenuePerEmployee,ProductionLevel,NumEmployees,DemandReceived,InventoryDemandRatio,SellThroughRate,ProductionCapacity,Revenue,Costs,Markup,ProducedUnits,IncomeBracket,NumPeople,SpendRatio,PostTaxIncome,HouseholdExpense,HouseholdSavings,HealthLevel,Welfare,SkillLevel,SkillType,JobLevel,IsEmployed,Wage
12,17,necessity,-262943.7048161472,0.0,89.8010217374308,2684.5253772561337,1.0,105.0,383435.0,,,7743.0,284559.68998915015,547503.3948052974,0.27,7743.0,,,,,,,,,,,,0,
13,17,necessity,464997.19837811415,0.0,39.71243325949403,6622.183917265968,1.0,106.0,867311.0,,,7743.0,695329.3113129267,230332.11293481253,0.335,7743.0,,,,,,,,,,,,0,
14,17,necessity,-188300.98091837147,0.0,87.72288023610555,2900.8808559270024,1.0,105.0,426055.0,,,7743.0,307493.37072826223,495794.3516466337,0.37,7743.0,,,,,,,,,,,,0,
15,17,necessity,448906.1487333528,0.0,42.389675951145314,6468.935825411098,1.0,106.0,803580.0,,,7743.0,679238.2616681653,230332.11293481253,0.425,7743.0,,,,,,,,,,,,0,
16,17,necessity,-160020.87714980048,0.0,91.43148651244614,3096.445857450172,1.0,105.0,397109.0,,,7743.0,328223.2608897182,488244.1380395187,0.45,7743.0,,,,,,,,,,,,0,
17,17,necessity,477621.8871310579,0.0,44.47197582242965,6742.4190482463855,1.0,106.0,837382.0,,,7743.0,707954.0000658705,230332.11293481253,0.495,7743.0,,,,,,,,,,,,0,
18,17,necessity,-136507.10614455387,0.0,94.39461379449799,3248.5519697459695,1.0,105.0,363733.0,,,7743.0,344346.5087930728,480853.61493762664,0.52,7743.0,,,,,,,,,,,,0,
19,17,necessity,500565.3816759853,0.0,46.85174710389746,6960.928520102837,1.0,106.0,810827.0,,,7743.0,730897.4946107978,230332.11293481253,0.5750000000000001,7743.0,,,,,,,,,,,,0,
20,17,necessity,-138584.37753003917,0.0,103.59962914441792,3422.3875266554533,1.0,105.0,335341.0,,,7743.0,362773.07782547805,501357.4553555172,0.6000000000000001,7743.0,,,,,,,,,,,,0,
21,17,necessity,571839.8155304154,0.0,49.23151838536526,7639.73265204979,1.0,106.0,738866.0,,,7743.0,802171.928465228,230332.11293481253,0.6550000000000001,7743.0,,,,,,,,,,,,0,
22,17,necessity,-118772.44031577202,0.0,108.47902703645381,3596.2230835649366,1.0,105.0,308294.0,,,7743.0,381199.64685788326,499972.0871736553,0.6800000000000002,7743.0,,,,,,,,,,,,0,
23,17,necessity,609620.9934084493,0.0,51.31381825664959,7999.553393745351,1.0,106.0,707105.0,,,7743.0,839953.1063432619,230332.11293481253,0.7250000000000002,7743.0,,,,,,,,,,,,0,
24,17,necessity,-132215.08639618487,0.0,118.9972991211311,3748.3291958607338,1.0,105.0,246582.0,,,7743.0,397322.8947612378,529537.9811574226,0.7400000000000002,7743.0,,,,,,,,,,,,0,
25,17,necessity,691063.9741601056,0.0,53.09864671775045,8775.20082947541,1.0,106.0,664267.0,,,7743.0,921396.0870949181,230332.11293481253,0.7850000000000003,7743.0,,,,,,,,,,,,0,
26,17,necessity,-137935.76055562106,0.0,127.64321937704378,3878.7058635428466,1.0,105.0,285525.0,,,7743.0,411142.82153554173,549078.5820911628,0.8000000000000003,7743.0,,,,,,,,,,,,0,
27,17,necessity,758009.3347016374,0.0,54.883475178851306,9412.775691775714,1.0,106.0,650662.0,,,7743.0,988341.44763645,230332.11293481253,0.8450000000000003,7743.0,,,,,,,,,,,,0,
28,17,necessity,-62517.96492525429,0.0,117.7307159540109,4009.0825312249594,1.0,105.0,314506.0,,,7743.0,424962.7483098457,487480.7132351,0.8700000000000003,7743.0,,,,,,,,,,,,0,
29,17,necessity,681256.8206970938,0.0,57.26324646031912,8681.799367922918,1.0,106.0,593366.0,,,7743.0,911588.9336319064,230332.11293481253,0.9250000000000004,7743.0,,,,,,,,,,,,0,
30,17,necessity,-37783.342512367235,0.0,121.17870161375782,4182.918088134443,1.0,105.0,286227.0,,,7743.0,443389.3173422509,481172.65985461813,0.9500000000000004,7743.0,,,,,,,,,,,,0,
12,24,necessity,-138725.22223976464,13630.0,965.8049997632038,4884.284799236642,0.1,125.0,1040.0,,,7897.0,605651.3151053437,744376.5373451083,0.025,790.0,,,,,,,,,,,,0,
13,24,necessity,7300.09061146318,13380.0,1274.8208594416085,8035.497598029856,0.1,126.0,452.0,,,7897.0,1004437.199753732,997137.1091422688,0.010000000000000004,790.0,,,,,,,,,,,,0,
14,24,necessity,-801174.4112486474,13718.0,1760.971357408159,4573.166892600056,0.1,125.0,454.0,,,7897.0,576219.028467607,1377393.4397162544,0.01,790.0,,,,,,,,,,,,0,
15,24,necessity,-197656.11287896452,14054.0,1274.8208594416085,6395.847970106434,0.1,126.0,450.0,,,7897.0,799480.9962633043,997137.1091422688,0.01,790.0,,,,,,,,,,,,0,
16,24,necessity,-800489.1534153264,14394.0,1756.8355997580443,4552.931640862887,0.1,125.0,503.0,,,7897.0,573669.3867487238,1374158.5401640502,0.01,790.0,,,,,,,,,,,,0,
17,24,necessity,-113448.80246397248,14681.0,1274.8208594416085,7069.50645342637,0.1,126.0,156.0,,,7897.0,883688.3066782963,997137.1091422688,0.01,790.0,,,,,,,,,,,,0,
18,24,necessity,-1177098.7676891168,15315.0,1759.1525673676902,1578.3496354991344,0.1,125.0,277.0,,,7897.0,198872.05407289093,1375970.8217620077,0.01,790.0,,,,,,,,,,,,0,
19,24,necessity,-509851.8479814186,15828.0,1274.8208594416085,3898.2820892868012,0.1,126.0,493.0,,,7897.0,487285.2611608502,997137.1091422688,0.01,790.0,,,,,,,,,,,,0,
20,24,necessity,-800902.5899576965,16125.0,1827.447043761502,4987.989553212008,0.1,127.0,361.0,,,7897.0,628486.683704713,1429389.2736624095,0.01,790.0,,,,,,,,,,,,0,
21,24,necessity,-940000.2237857468,16554.0,2045.1970767142893,5194.554195259073,0.1,128.0,266.0,,,7897.0,659708.3827979022,1599708.606583649,0.01,790.0,,,,,,,,,,,,0,
22,24,necessity,-1297052.4664073265,17078.0,2353.77928525023,4250.175175046883,0.1,127.0,230.0,,,7897.0,544022.422406001,1841074.8888133275,0.01,790.0,,,,,,,,,,,,0,
23,24,necessity,-867453.4886856338,17638.0,1801.153100930336,4262.749886673644,0.1,128.0,448.0,,,7897.0,541369.2356075528,1408822.7242931866,0.01,790.0,,,,,,,,,,,,0,
24,24,necessity,-1012848.6674960168,17980.0,2326.5353252574687,6304.035853256176,0.1,129.0,370.0,,,7897.0,806916.5892167905,1819765.2567128073,0.01,790.0,,,,,,,,,,,,0,
25,24,necessity,-1125117.7051760135,18400.0,2538.981178148745,6673.008297250104,0.1,130.0,191.0,,,7897.0,860818.0703452635,1985935.775521277,0.01,790.0,,,,,,,,,,,,0,
26,24,necessity,-1688917.5417836104,18999.0,2779.2424980998458,3730.349269433925,0.1,129.0,346.0,,,7897.0,484945.4050264103,2173862.9468100206,0.01,790.0,,,,,,,,,,,,0,
27,24,necessity,-801302.5100478528,19443.0,2253.860273772713,7454.402359244547,0.1,130.0,407.0,,,7897.0,961617.9043425466,1762920.4143903994,0.01,790.0,,,,,,,,,,,,0,
28,24,necessity,-1222028.345340783,19826.0,2735.1176820238256,7056.316395580724,0.1,129.0,291.0,,,7897.0,917321.1314254941,2139349.476766277,0.01,790.0,,,,,,,,,,,,0,
29,24,necessity,-967001.1689214661,20325.0,2253.860273772713,6169.916631542118,0.1,128.0,736.0,,,7897.0,795919.2454689333,1762920.4143903994,0.01,790.0,,,,,,,,,,,,0,
30,24,necessity,133207.38826320157,20379.0,1950.493808880198,12959.696574193098,0.1,129.0,204.0,,,7897.0,1658841.1614967166,1525633.773233515,0.01,790.0,,,,,,,,,,,,0,
12,28,necessity,-491378.3615073624,2099.0,2628.85116839389,20988.794012356724,0.1,18.0,32.0,,,3420.0,398787.08623477776,890165.4477421402,0.01,342.0,,,,,,,,,,,,0,
13,28,necessity,-544910.6237966212,2409.0,1857.6730933900726,4673.513188255804,0.1,17.0,201.0,,,3420.0,84123.23738860448,629033.8611852257,0.01,342.0,,,,,,,,,,,,0,
14,28,necessity,20956.70506672305,2550.0,1040.8185424880405,21964.252457141447,0.1,18.0,303.0,,,3420.0,373392.2917714046,352435.58670468157,0.01,342.0,,,,,,,,,,,,0,
15,28,necessity,-288946.51703307795,2589.0,1784.6715759542462,17520.44546521535,0.1,17.0,304.0,,,3420.0,315368.0183738763,604314.5354069542,0.01,342.0,,,,,,,,,,,,0,
16,28,necessity,190104.57238540932,2627.0,1040.8185424880405,31914.127005299466,0.1,18.0,469.0,,,3420.0,542540.1590900909,352435.58670468157,0.01,342.0,,,,,,,,,,,,0,
17,28,necessity,-129722.65798493556,2500.0,1824.6936202668164,27119.1053570495,0.1,17.0,536.0,,,3420.0,488143.896426891,617866.5544118265,0.010000000000000004,342.0,,,,,,,,,,,,0,
18,28,necessity,625600.1937583319,2306.0,1056.2762436141004,57531.51649782433,0.1,18.0,300.0,,,3420.0,978035.7804630136,352435.58670468157,0.02500000000000001,342.0,,,,,,,,,,,,0,
19,28,necessity,-279545.1030443278,2348.0,1761.3808600247448,17604.604060235008,0.1,17.0,340.0,,,3420.0,316882.8730842301,596427.9761285579,0.01,342.0,,,,,,,,,,,,0,
20,28,necessity,246433.90570373164,2350.0,1040.8185424880405,35227.6172004949,0.1,18.0,469.0,,,3420.0,598869.4924084132,352435.58670468157,0.01,342.0,,,,,,,,,,,,0,
21,28,necessity,-118648.10056545504,2223.0,1791.9880560534546,27119.1053570495,0.1,17.0,288.0,,,3420.0,488143.896426891,606791.996992346,0.01,342.0,,,,,,,,,,,,0,
22,28,necessity,163656.97343871335,2277.0,1040.8185424880405,30358.385890787937,0.1,18.0,579.0,,,3420.0,516092.5601433949,352435.58670468157,0.01,342.0,,,,,,,,,,,,0,
23,28,necessity,-8522.648522946867,2040.0,1804.8776276750875,33479.66311669864,0.1,19.0,282.0,,,3420.0,602633.9361005755,611156.5846235224,0.01,342.0,,,,,,,,,,,,0,
24,28,necessity,-355827.47110855335,2100.0,2553.9502607605473,26788.18373707235,0.1,18.0,110.0,,,3420.0,508975.4910043747,864802.962112928,0.01,342.0,,,,,,,,,,,,0,
25,28,necessity,-330222.05593986216,2332.0,1804.8776276750875,15607.4738157589,0.1,17.0,346.0,,,3420.0,280934.5286836602,611156.5846235224,0.01,342.0,,,,,,,,,,,,0,
26,28,necessity,272052.0724708987,2328.0,1040.8185424880405,36734.56818679884,0.1,18.0,496.0,,,3420.0,624487.6591755803,352435.58670468157,0.01,342.0,,,,,,,,,,,,0,
27,28,necessity,-84202.73596665188,2174.0,1773.255025139977,28680.333170781563,0.1,17.0,388.0,,,3420.0,516245.9970740681,600448.73304072,0.01,342.0,,,,,,,,,,,,0,
28,28,necessity,335587.36304962955,2128.0,1045.9711095300604,40471.93822084183,0.1,18.0,852.0,,,3420.0,688022.9497543111,352435.58670468157,0.015000000000000003,342.0,,,,,,,,,,,,0,
29,28,necessity,294688.31219869084,1618.0,1761.5317604988247,49509.29918442285,0.1,19.0,519.0,,,3420.0,891167.3853196114,596479.0731209206,0.010000000000000004,342.0,,,,,,,,,,,,0,
30,28,necessity,57546.220977684716,1441.0,2567.561342753433,48117.63072099422,0.1,18.0,411.0,,,3420.0,914234.9836988901,856688.7627212054,0.02500000000000001,342.0,,,,,,,,,,,,0,
12,32,necessity,-90486.20005777114,8827.0,616.9478086873223,5641.843154034323,0.1,45.0,420.0,,,5732.0,259524.78508557883,350010.98514335,0.01,573.0,,,,,,,,,,,,0,
13,32,necessity,80652.68057698809,8980.0,314.57251788452294,5758.179547748341,0.1,46.0,2383.0,,,5732.0,259118.07964867537,178465.39907168728,0.01,573.0,,,,,,,,,,,,0,
14,32,necessity,220899.28904636716,7170.0,931.9621123057826,16296.224133017788,0.1,47.0,737.0,,,5732.0,749626.3101188182,528727.021072451,0.01,573.0,,,,,,,,,,,,0,
15,32,necessity,-14841.803663795698,7006.0,1255.218719352125,14613.959080199185,0.1,46.0,598.0,,,5732.0,686856.0767693617,701697.8804331574,0.025,573.0,,,,,,,,,,,,0,
16,32,necessity,399184.53574017703,6981.0,619.4600705013221,16317.843351577623,0.1,47.0,790.0,,,5732.0,750620.7941725707,351436.25843239366,0.010000000000000004,573.0,,,,,,,,,,,,0,
17,32,necessity,-129703.91923930036,6764.0,1091.2184076675042,10412.201185022222,0.1,46.0,395.0,,,5732.0,489373.45569604443,619077.3749353448,0.010000000000000007,573.0,,,,,,,,,,,,0,
18,32,necessity,79595.01259627048,6942.0,619.4600705013221,9370.245022362264,0.1,45.0,419.0,,,5732.0,431031.27102866414,351436.25843239366,0.01,573.0,,,,,,,,,,,,0,
19,32,necessity,81088.37046836669,7096.0,314.57251788452294,5767.861545334533,0.1,44.0,2015.0,,,5732.0,259553.76954005397,178465.39907168728,0.01,573.0,,,,,,,,,,,,0,
20,32,necessity,-2241344.1307331473,5654.0,5067.992716832762,14405.991444029858,0.1,45.0,111.0,,,5732.0,633863.6235373138,2875207.754270461,0.01,573.0,,,,,,,,,,,,0,
21,32,necessity,366042.40691836795,6116.0,346.36968961640423,12501.048701520813,0.1,44.0,1414.0,,,5732.0,562547.1915684366,196504.7846500686,0.01,573.0,,,,,,,,,,,,0,
22,32,necessity,-2385441.013152865,5275.0,5067.992716832762,11131.062298127172,0.1,43.0,123.0,,,5732.0,489766.7411175956,2875207.754270461,0.01,573.0,,,,,,,,,,,,0,
23,32,necessity,-2186520.650100031,5725.0,4952.849191728301,14496.816376056506,0.1,44.0,44.0,,,5732.0,623363.1041704298,2809883.754270461,0.01,573.0,,,,,,,,,,,,0,
24,32,necessity,30138.29605136905,6254.0,331.0033834860725,4952.849191728301,0.1,43.0,1653.0,,,5732.0,217925.36443604523,187787.06838467618,0.01,573.0,,,,,,,,,,,,0,
25,32,necessity,-2262735.161367983,5174.0,4952.849191728301,12724.385881452972,0.1,44.0,120.0,,,5732.0,547148.5929024778,2809883.754270461,0.01,573.0,,,,,,,,,,,,0,
26,32,necessity,399595.1060676116,5627.0,343.2709678288158,13507.770522895367,0.1,45.0,1008.0,,,5732.0,594341.9030073961,194746.79693978454,0.01,573.0,,,,,,,,,,,,0,
27,32,necessity,-106309.41510419024,5192.0,797.2946167279202,7689.269679365474,0.1,44.0,540.0,,,5732.0,346017.1355714463,452326.55067563656,0.01,573.0,,,,,,,,,,,,0,
28,32,necessity,235792.29609329236,5225.0,348.3690515094417,9784.979387115383,0.1,45.0,2895.0,,,5732.0,430539.0930330769,194746.79693978454,0.025,573.0,,,,,,,,,,,,0,
29,32,necessity,546632.9329129828,2903.0,830.2833063050141,22411.742313774084,0.1,46.0,969.0,,,5732.0,1008528.4041198337,461895.4712068509,0.030000000000000002,573.0,,,,,,,,,,,,0,
30,32,necessity,170378.08330172603,2507.0,1156.551359815242,17490.09834368606,0.1,45.0,1039.0,,,5732.0,804544.5238095587,634166.4405078327,0.045000000000000005,573.0,,,,,,,,,,,,0,
12,36,necessity,-171224.52750758303,0.0,78.54149427367787,5958.1593859049,1.0,36.0,379958.0,,,6458.0,220451.89727848128,391676.4247860643,0.295,6458.0,,,,,,,,,,,,0,
13,36,necessity,346694.2588875317,0.0,33.805563193798584,14089.471389428103,1.0,37.0,851438.0,,,6458.0,507220.9700194117,160526.71113188003,0.36,6458.0,,,,,,,,,,,,0,
14,36,necessity,-167697.13537232403,0.0,83.38321153193756,5900.441273123007,1.0,36.0,361364.0,,,6458.0,218316.32710555126,386013.4624778753,0.39499999999999996,6458.0,,,,,,,,,,,,0,
15,36,necessity,377962.0689413727,0.0,36.29126636981319,14958.021668701465,1.0,37.0,832861.0,,,6458.0,538488.7800732527,160526.71113188003,0.45999999999999996,6458.0,,,,,,,,,,,,0,
16,36,necessity,-175171.91808764127,0.0,94.17284927487006,6334.297249087934,1.0,36.0,327008.0,,,6458.0,234368.99821625356,409540.91630389483,0.485,6458.0,,,,,,,,,,,,0,
17,36,necessity,447641.5494852308,0.0,38.27982891062487,16893.562794919748,1.0,37.0,813720.0,,,6458.0,608168.2606171109,160526.71113188003,0.54,6458.0,,,,,,,,,,,,0,
18,36,necessity,-135640.35465176875,0.0,92.77834954727096,6681.382029859876,1.0,36.0,302055.0,,,6458.0,247211.13510481542,382851.48975658417,0.5650000000000001,6458.0,,,,,,,,,,,,0,
19,36,necessity,438635.8702443958,0.0,40.26839145143655,16643.405038229885,1.0,37.0,709830.0,,,6458.0,599162.5813762759,160526.71113188003,0.6200000000000001,6458.0,,,,,,,,,,,,0,
20,36,necessity,-151338.6658145975,0.0,104.79091631918978,7028.466810631818,1.0,36.0,283380.0,,,6458.0,260053.27199337725,411391.93780797475,0.6450000000000001,6458.0,,,,,,,,,,,,0,
21,36,necessity,516213.02645744756,0.0,42.00838367464677,18798.32604414799,1.0,37.0,706447.0,,,6458.0,676739.7375893276,160526.71113188003,0.6900000000000002,6458.0,,,,,,,,,,,,0,
22,36,necessity,-140077.2300565731,0.0,108.60659164713255,7332.165993807266,1.0,36.0,286123.0,,,6458.0,271290.14177086885,411367.37182744197,0.7050000000000002,6458.0,,,,,,,,,,,,0,
23,36,necessity,540854.6577253019,0.0,43.49980558025554,19482.81580158839,1.0,37.0,641705.0,,,6458.0,701381.368857182,160526.71113188003,0.7500000000000002,6458.0,,,,,,,,,,,,0,
24,36,necessity,-91494.94995920727,0.0,102.35980682121763,7592.479579386224,1.0,36.0,276642.0,,,6458.0,280921.7444372903,372416.69439649757,0.7750000000000002,6458.0,,,,,,,,,,,,0,
25,36,necessity,500512.9213195434,0.0,45.48836812106722,18362.21201253954,1.0,37.0,696797.0,,,6458.0,661039.6324514234,160526.71113188003,0.8300000000000003,6458.0,,,,,,,,,,,,0,
26,36,necessity,-120465.43699756276,0.0,118.98349107633187,7939.564360158164,1.0,36.0,235491.0,,,6458.0,293763.88132585207,414229.31832341483,0.8550000000000003,6458.0,,,,,,,,,,,,0,
27,36,necessity,607868.6742390712,0.0,47.4769306618789,21344.3162603042,1.0,37.0,635360.0,,,6458.0,768395.3853709513,160526.71113188003,0.9100000000000004,6458.0,,,,,,,,,,,,0,
28,36,necessity,-90056.33014148619,0.0,118.85129203310865,8286.649140930107,1.0,36.0,260370.0,,,6458.0,306606.01821441395,396662.34835590015,0.9350000000000004,6458.0,,,,,,,,,,,,0,
29,36,necessity,607014.9328179356,0.0,49.46549320269059,21320.60122082821,1.0,37.0,532765.0,,,6458.0,767541.6439498157,160526.71113188003,0.9900000000000004,6458.0,,,,,,,,,,,,0,
30,36,necessity,-110215.48256998142,0.0,134.0619742609085,8633.733921702049,1.0,36.0,205729.0,,,6458.0,319448.15510297584,429663.63767295727,1.0150000000000003,6458.0,,,,,,,,,,,,0,
